#! /opt/homebrew/Cellar/icarus-verilog/12.0/bin/vvp
:ivl_version "12.0 (stable)";
:ivl_delay_selection "TYPICAL";
:vpi_time_precision - 12;
:vpi_module "/opt/homebrew/Cellar/icarus-verilog/12.0/lib/ivl/system.vpi";
:vpi_module "/opt/homebrew/Cellar/icarus-verilog/12.0/lib/ivl/vhdl_sys.vpi";
:vpi_module "/opt/homebrew/Cellar/icarus-verilog/12.0/lib/ivl/vhdl_textio.vpi";
:vpi_module "/opt/homebrew/Cellar/icarus-verilog/12.0/lib/ivl/v2005_math.vpi";
:vpi_module "/opt/homebrew/Cellar/icarus-verilog/12.0/lib/ivl/va_math.vpi";
:vpi_module "/opt/homebrew/Cellar/icarus-verilog/12.0/lib/ivl/v2009.vpi";
S_0x104ae2220 .scope package, "$unit" "$unit" 2 1;
 .timescale 0 0;
S_0x104ae0c50 .scope module, "tb_add4" "tb_add4" 3 3;
 .timescale -9 -12;
v0x8acc386e0_0 .var "a", 3 0;
v0x8acc38780_0 .var "b", 3 0;
v0x8acc38820_0 .var "cin", 0 0;
v0x8acc388c0_0 .net "cout", 0 0, L_0x104aeb5f0;  1 drivers
v0x8acc38960_0 .var/i "errors", 31 0;
v0x8acc38a00_0 .net "y_add", 3 0, L_0x104aeb690;  1 drivers
S_0x104ae0dd0 .scope module, "add4_dut" "add4" 3 11, 4 4 0, S_0x104ae0c50;
 .timescale -9 -12;
    .port_info 0 /INPUT 4 "a";
    .port_info 1 /INPUT 4 "b";
    .port_info 2 /INPUT 1 "cin";
    .port_info 3 /OUTPUT 4 "y";
    .port_info 4 /OUTPUT 1 "cout";
L_0x8ad454058 .functor BUFT 1, C4<0>, C4<0>, C4<0>, C4<0>;
v0x104ae2420_0 .net *"_ivl_10", 0 0, L_0x8ad454058;  1 drivers
v0x104aea670_0 .net *"_ivl_11", 4 0, L_0x104aeb870;  1 drivers
v0x104aea710_0 .net *"_ivl_13", 4 0, L_0x104aeb910;  1 drivers
L_0x8ad4540a0 .functor BUFT 1, C4<0000>, C4<0>, C4<0>, C4<0>;
v0x104aea7b0_0 .net *"_ivl_16", 3 0, L_0x8ad4540a0;  1 drivers
v0x104aea850_0 .net *"_ivl_17", 4 0, L_0x104aeb9b0;  1 drivers
v0x8acc38000_0 .net *"_ivl_3", 4 0, L_0x104aeb730;  1 drivers
L_0x8ad454010 .functor BUFT 1, C4<0>, C4<0>, C4<0>, C4<0>;
v0x8acc380a0_0 .net *"_ivl_6", 0 0, L_0x8ad454010;  1 drivers
v0x8acc38140_0 .net *"_ivl_7", 4 0, L_0x104aeb7d0;  1 drivers
v0x8acc381e0_0 .net "a", 3 0, v0x8acc386e0_0;  1 drivers
v0x8acc38280_0 .net "b", 3 0, v0x8acc38780_0;  1 drivers
v0x8acc38320_0 .net "cin", 0 0, v0x8acc38820_0;  1 drivers
v0x8acc383c0_0 .net "cout", 0 0, L_0x104aeb5f0;  alias, 1 drivers
v0x8acc38460_0 .net "y", 3 0, L_0x104aeb690;  alias, 1 drivers
L_0x104aeb5f0 .part L_0x104aeb9b0, 4, 1;
L_0x104aeb690 .part L_0x104aeb9b0, 0, 4;
L_0x104aeb730 .concat [ 4 1 0 0], v0x8acc386e0_0, L_0x8ad454010;
L_0x104aeb7d0 .concat [ 4 1 0 0], v0x8acc38780_0, L_0x8ad454058;
L_0x104aeb870 .arith/sum 5, L_0x104aeb730, L_0x104aeb7d0;
L_0x104aeb910 .concat [ 1 4 0 0], v0x8acc38820_0, L_0x8ad4540a0;
L_0x104aeb9b0 .arith/sum 5, L_0x104aeb870, L_0x104aeb910;
S_0x104aeb470 .scope task, "check" "check" 3 13, 3 13 0, S_0x104ae0c50;
 .timescale -9 -12;
v0x8acc38500_0 .var/s "exp", 31 0;
v0x8acc385a0_0 .var/s "got", 31 0;
v0x8acc38640_0 .var "label", 255 0;
TD_tb_add4.check ;
    %load/vec4 v0x8acc385a0_0;
    %load/vec4 v0x8acc38500_0;
    %cmp/ne;
    %jmp/0xz  T_0.0, 6;
    %vpi_call/w 3 19 "$display", "FAIL: %s | got=%d exp=%d", v0x8acc38640_0, v0x8acc385a0_0, v0x8acc38500_0 {0 0 0};
    %load/vec4 v0x8acc38960_0;
    %addi 1, 0, 32;
    %store/vec4 v0x8acc38960_0, 0, 32;
    %jmp T_0.1;
T_0.0 ;
    %vpi_call/w 3 22 "$display", "PASS: %s", v0x8acc38640_0 {0 0 0};
T_0.1 ;
    %end;
    .scope S_0x104ae0c50;
T_1 ;
    %pushi/vec4 0, 0, 32;
    %store/vec4 v0x8acc38960_0, 0, 32;
    %vpi_call/w 3 29 "$dumpfile", "waves/add4.vcd" {0 0 0};
    %vpi_call/w 3 30 "$dumpvars", 32'sb00000000000000000000000000000000, S_0x104ae0c50 {0 0 0};
    %pushi/vec4 5, 0, 4;
    %store/vec4 v0x8acc386e0_0, 0, 4;
    %pushi/vec4 3, 0, 4;
    %store/vec4 v0x8acc38780_0, 0, 4;
    %pushi/vec4 0, 0, 1;
    %store/vec4 v0x8acc38820_0, 0, 1;
    %delay 5000, 0;
    %pushi/vec4 0, 0, 32; draw_string_vec4
    %pushi/vec4 0, 0, 32; draw_string_vec4
    %concat/vec4; draw_string_vec4
    %pushi/vec4 0, 0, 32; draw_string_vec4
    %concat/vec4; draw_string_vec4
    %pushi/vec4 0, 0, 32; draw_string_vec4
    %concat/vec4; draw_string_vec4
    %pushi/vec4 0, 0, 32; draw_string_vec4
    %concat/vec4; draw_string_vec4
    %pushi/vec4 0, 0, 32; draw_string_vec4
    %concat/vec4; draw_string_vec4
    %pushi/vec4 0, 0, 32; draw_string_vec4
    %concat/vec4; draw_string_vec4
    %pushi/vec4 4277316, 0, 32; draw_string_vec4
    %concat/vec4; draw_string_vec4
    %store/vec4 v0x8acc38640_0, 0, 256;
    %pushi/vec4 0, 0, 1;
    %load/vec4 v0x8acc388c0_0;
    %concat/vec4; draw_concat_vec4
    %load/vec4 v0x8acc38a00_0;
    %concat/vec4; draw_concat_vec4
    %pad/u 32;
    %store/vec4 v0x8acc385a0_0, 0, 32;
    %pushi/vec4 8, 0, 32;
    %store/vec4 v0x8acc38500_0, 0, 32;
    %fork TD_tb_add4.check, S_0x104aeb470;
    %join;
    %pushi/vec4 9, 0, 4;
    %store/vec4 v0x8acc386e0_0, 0, 4;
    %pushi/vec4 8, 0, 4;
    %store/vec4 v0x8acc38780_0, 0, 4;
    %pushi/vec4 1, 0, 1;
    %store/vec4 v0x8acc38820_0, 0, 1;
    %delay 5000, 0;
    %pushi/vec4 0, 0, 32; draw_string_vec4
    %pushi/vec4 0, 0, 32; draw_string_vec4
    %concat/vec4; draw_string_vec4
    %pushi/vec4 0, 0, 32; draw_string_vec4
    %concat/vec4; draw_string_vec4
    %pushi/vec4 0, 0, 32; draw_string_vec4
    %concat/vec4; draw_string_vec4
    %pushi/vec4 0, 0, 32; draw_string_vec4
    %concat/vec4; draw_string_vec4
    %pushi/vec4 0, 0, 32; draw_string_vec4
    %concat/vec4; draw_string_vec4
    %pushi/vec4 0, 0, 32; draw_string_vec4
    %concat/vec4; draw_string_vec4
    %pushi/vec4 4277316, 0, 32; draw_string_vec4
    %concat/vec4; draw_string_vec4
    %store/vec4 v0x8acc38640_0, 0, 256;
    %pushi/vec4 0, 0, 1;
    %load/vec4 v0x8acc388c0_0;
    %concat/vec4; draw_concat_vec4
    %load/vec4 v0x8acc38a00_0;
    %concat/vec4; draw_concat_vec4
    %pad/u 32;
    %store/vec4 v0x8acc385a0_0, 0, 32;
    %pushi/vec4 18, 0, 32;
    %store/vec4 v0x8acc38500_0, 0, 32;
    %fork TD_tb_add4.check, S_0x104aeb470;
    %join;
    %load/vec4 v0x8acc38960_0;
    %cmpi/e 0, 0, 32;
    %jmp/0xz  T_1.0, 4;
    %vpi_call/w 3 36 "$display", "ADD4: ALL TESTS PASSED \342\234\205" {0 0 0};
    %jmp T_1.1;
T_1.0 ;
    %vpi_call/w 3 37 "$display", "ADD4: FAILED \342\235\214 errors=%0d", v0x8acc38960_0 {0 0 0};
T_1.1 ;
    %delay 5000, 0;
    %vpi_call/w 3 39 "$finish" {0 0 0};
    %end;
    .thread T_1;
# The file index is used to find the file name in the following table.
:file_names 5;
    "N/A";
    "<interactive>";
    "-";
    "tests/arithmetic/tb_add4.v";
    "verilog/arithmetic/add4.v";
