#! /opt/homebrew/Cellar/icarus-verilog/12.0/bin/vvp
:ivl_version "12.0 (stable)";
:ivl_delay_selection "TYPICAL";
:vpi_time_precision - 12;
:vpi_module "/opt/homebrew/Cellar/icarus-verilog/12.0/lib/ivl/system.vpi";
:vpi_module "/opt/homebrew/Cellar/icarus-verilog/12.0/lib/ivl/vhdl_sys.vpi";
:vpi_module "/opt/homebrew/Cellar/icarus-verilog/12.0/lib/ivl/vhdl_textio.vpi";
:vpi_module "/opt/homebrew/Cellar/icarus-verilog/12.0/lib/ivl/v2005_math.vpi";
:vpi_module "/opt/homebrew/Cellar/icarus-verilog/12.0/lib/ivl/va_math.vpi";
:vpi_module "/opt/homebrew/Cellar/icarus-verilog/12.0/lib/ivl/v2009.vpi";
S_0x104dec3e0 .scope package, "$unit" "$unit" 2 1;
 .timescale 0 0;
S_0x104dec560 .scope module, "nand4" "nand4" 3 13;
 .timescale -9 -12;
    .port_info 0 /INPUT 4 "a";
    .port_info 1 /INPUT 4 "b";
    .port_info 2 /OUTPUT 4 "y";
o0xc07420040 .functor BUFZ 4, C4<zzzz>; HiZ drive
o0xc07420070 .functor BUFZ 4, C4<zzzz>; HiZ drive
L_0x104df49a0 .functor AND 4, o0xc07420040, o0xc07420070, C4<1111>, C4<1111>;
L_0x104df4cc0 .functor NOT 4, L_0x104df49a0, C4<0000>, C4<0000>, C4<0000>;
v0x104df5730_0 .net *"_ivl_0", 3 0, L_0x104df49a0;  1 drivers
v0x104df4c20_0 .net "a", 3 0, o0xc07420040;  0 drivers
v0x104df4900_0 .net "b", 3 0, o0xc07420070;  0 drivers
v0x104df4660_0 .net "y", 3 0, L_0x104df4cc0;  1 drivers
S_0xc06c34000 .scope module, "nor4" "nor4" 3 31;
 .timescale -9 -12;
    .port_info 0 /INPUT 4 "a";
    .port_info 1 /INPUT 4 "b";
    .port_info 2 /OUTPUT 4 "y";
o0xc07420190 .functor BUFZ 4, C4<zzzz>; HiZ drive
o0xc074201c0 .functor BUFZ 4, C4<zzzz>; HiZ drive
L_0x104df57d0 .functor OR 4, o0xc07420190, o0xc074201c0, C4<0000>, C4<0000>;
L_0x104dec6e0 .functor NOT 4, L_0x104df57d0, C4<0000>, C4<0000>, C4<0000>;
v0x104df40c0_0 .net *"_ivl_0", 3 0, L_0x104df57d0;  1 drivers
v0xc06c4c000_0 .net "a", 3 0, o0xc07420190;  0 drivers
v0xc06c4c0a0_0 .net "b", 3 0, o0xc074201c0;  0 drivers
v0xc06c4c140_0 .net "y", 3 0, L_0x104dec6e0;  1 drivers
S_0xc06c34180 .scope module, "not4" "not4" 3 58;
 .timescale -9 -12;
    .port_info 0 /INPUT 4 "a";
    .port_info 1 /OUTPUT 4 "y";
o0xc074202b0 .functor BUFZ 4, C4<zzzz>; HiZ drive
L_0x104dece40 .functor NOT 4, o0xc074202b0, C4<0000>, C4<0000>, C4<0000>;
v0xc06c4c1e0_0 .net "a", 3 0, o0xc074202b0;  0 drivers
v0xc06c4c280_0 .net "y", 3 0, L_0x104dece40;  1 drivers
S_0xc06c34300 .scope module, "or4" "or4" 3 22;
 .timescale -9 -12;
    .port_info 0 /INPUT 4 "a";
    .port_info 1 /INPUT 4 "b";
    .port_info 2 /OUTPUT 4 "y";
o0xc07420370 .functor BUFZ 4, C4<zzzz>; HiZ drive
o0xc074203a0 .functor BUFZ 4, C4<zzzz>; HiZ drive
L_0x104deceb0 .functor OR 4, o0xc07420370, o0xc074203a0, C4<0000>, C4<0000>;
v0xc06c4c320_0 .net "a", 3 0, o0xc07420370;  0 drivers
v0xc06c4c3c0_0 .net "b", 3 0, o0xc074203a0;  0 drivers
v0xc06c4c460_0 .net "y", 3 0, L_0x104deceb0;  1 drivers
S_0xc06c34480 .scope module, "tb_and4" "tb_and4" 4 3;
 .timescale -9 -12;
v0xc06c4c8c0_0 .var "a", 3 0;
v0xc06c4c960_0 .var "b", 3 0;
v0xc06c4ca00_0 .var/i "errors", 31 0;
v0xc06c4caa0_0 .net "y", 3 0, L_0x104decf20;  1 drivers
S_0xc06c34900 .scope task, "check4" "check4" 4 12, 4 12 0, S_0xc06c34480;
 .timescale -9 -12;
v0xc06c4c500_0 .var "exp", 3 0;
v0xc06c4c5a0_0 .var "got", 3 0;
v0xc06c4c640_0 .var "label", 255 0;
TD_tb_and4.check4 ;
    %load/vec4 v0xc06c4c5a0_0;
    %load/vec4 v0xc06c4c500_0;
    %cmp/ne;
    %jmp/0xz  T_0.0, 6;
    %vpi_call/w 4 18 "$display", "FAIL: %s | got=%b exp=%b", v0xc06c4c640_0, v0xc06c4c5a0_0, v0xc06c4c500_0 {0 0 0};
    %load/vec4 v0xc06c4ca00_0;
    %addi 1, 0, 32;
    %store/vec4 v0xc06c4ca00_0, 0, 32;
    %jmp T_0.1;
T_0.0 ;
    %vpi_call/w 4 21 "$display", "PASS: %s", v0xc06c4c640_0 {0 0 0};
T_0.1 ;
    %end;
S_0xc06c34a80 .scope module, "dut" "and4" 4 10, 3 4 0, S_0xc06c34480;
 .timescale -9 -12;
    .port_info 0 /INPUT 4 "a";
    .port_info 1 /INPUT 4 "b";
    .port_info 2 /OUTPUT 4 "y";
L_0x104decf20 .functor AND 4, v0xc06c4c8c0_0, v0xc06c4c960_0, C4<1111>, C4<1111>;
v0xc06c4c6e0_0 .net "a", 3 0, v0xc06c4c8c0_0;  1 drivers
v0xc06c4c780_0 .net "b", 3 0, v0xc06c4c960_0;  1 drivers
v0xc06c4c820_0 .net "y", 3 0, L_0x104decf20;  alias, 1 drivers
S_0xc06c34600 .scope module, "xnor4" "xnor4" 3 49;
 .timescale -9 -12;
    .port_info 0 /INPUT 4 "a";
    .port_info 1 /INPUT 4 "b";
    .port_info 2 /OUTPUT 4 "y";
o0xc074206a0 .functor BUFZ 4, C4<zzzz>; HiZ drive
o0xc074206d0 .functor BUFZ 4, C4<zzzz>; HiZ drive
L_0x104decf90 .functor XOR 4, o0xc074206a0, o0xc074206d0, C4<0000>, C4<0000>;
L_0x104ded000 .functor NOT 4, L_0x104decf90, C4<0000>, C4<0000>, C4<0000>;
v0xc06c4cb40_0 .net *"_ivl_0", 3 0, L_0x104decf90;  1 drivers
v0xc06c4cbe0_0 .net "a", 3 0, o0xc074206a0;  0 drivers
v0xc06c4cc80_0 .net "b", 3 0, o0xc074206d0;  0 drivers
v0xc06c4cd20_0 .net "y", 3 0, L_0x104ded000;  1 drivers
S_0xc06c34780 .scope module, "xor4" "xor4" 3 40;
 .timescale -9 -12;
    .port_info 0 /INPUT 4 "a";
    .port_info 1 /INPUT 4 "b";
    .port_info 2 /OUTPUT 4 "y";
o0xc074207c0 .functor BUFZ 4, C4<zzzz>; HiZ drive
o0xc074207f0 .functor BUFZ 4, C4<zzzz>; HiZ drive
L_0x104ded070 .functor XOR 4, o0xc074207c0, o0xc074207f0, C4<0000>, C4<0000>;
v0xc06c4cdc0_0 .net "a", 3 0, o0xc074207c0;  0 drivers
v0xc06c4ce60_0 .net "b", 3 0, o0xc074207f0;  0 drivers
v0xc06c4cf00_0 .net "y", 3 0, L_0x104ded070;  1 drivers
    .scope S_0xc06c34480;
T_1 ;
    %pushi/vec4 0, 0, 32;
    %store/vec4 v0xc06c4ca00_0, 0, 32;
    %vpi_call/w 4 28 "$dumpfile", "waves/and4.vcd" {0 0 0};
    %vpi_call/w 4 29 "$dumpvars", 32'sb00000000000000000000000000000000, S_0xc06c34480 {0 0 0};
    %pushi/vec4 5, 0, 4;
    %store/vec4 v0xc06c4c8c0_0, 0, 4;
    %pushi/vec4 10, 0, 4;
    %store/vec4 v0xc06c4c960_0, 0, 4;
    %delay 5000, 0;
    %pushi/vec4 0, 0, 32; draw_string_vec4
    %pushi/vec4 0, 0, 32; draw_string_vec4
    %concat/vec4; draw_string_vec4
    %pushi/vec4 0, 0, 32; draw_string_vec4
    %concat/vec4; draw_string_vec4
    %pushi/vec4 0, 0, 32; draw_string_vec4
    %concat/vec4; draw_string_vec4
    %pushi/vec4 0, 0, 32; draw_string_vec4
    %concat/vec4; draw_string_vec4
    %pushi/vec4 3158320, 0, 32; draw_string_vec4
    %concat/vec4; draw_string_vec4
    %pushi/vec4 824190496, 0, 32; draw_string_vec4
    %concat/vec4; draw_string_vec4
    %pushi/vec4 825241904, 0, 32; draw_string_vec4
    %concat/vec4; draw_string_vec4
    %store/vec4 v0xc06c4c640_0, 0, 256;
    %load/vec4 v0xc06c4caa0_0;
    %store/vec4 v0xc06c4c5a0_0, 0, 4;
    %pushi/vec4 0, 0, 4;
    %store/vec4 v0xc06c4c500_0, 0, 4;
    %fork TD_tb_and4.check4, S_0xc06c34900;
    %join;
    %pushi/vec4 12, 0, 4;
    %store/vec4 v0xc06c4c8c0_0, 0, 4;
    %pushi/vec4 9, 0, 4;
    %store/vec4 v0xc06c4c960_0, 0, 4;
    %delay 5000, 0;
    %pushi/vec4 0, 0, 32; draw_string_vec4
    %pushi/vec4 0, 0, 32; draw_string_vec4
    %concat/vec4; draw_string_vec4
    %pushi/vec4 0, 0, 32; draw_string_vec4
    %concat/vec4; draw_string_vec4
    %pushi/vec4 0, 0, 32; draw_string_vec4
    %concat/vec4; draw_string_vec4
    %pushi/vec4 0, 0, 32; draw_string_vec4
    %concat/vec4; draw_string_vec4
    %pushi/vec4 3223856, 0, 32; draw_string_vec4
    %concat/vec4; draw_string_vec4
    %pushi/vec4 807413280, 0, 32; draw_string_vec4
    %concat/vec4; draw_string_vec4
    %pushi/vec4 825241649, 0, 32; draw_string_vec4
    %concat/vec4; draw_string_vec4
    %store/vec4 v0xc06c4c640_0, 0, 256;
    %load/vec4 v0xc06c4caa0_0;
    %store/vec4 v0xc06c4c5a0_0, 0, 4;
    %pushi/vec4 8, 0, 4;
    %store/vec4 v0xc06c4c500_0, 0, 4;
    %fork TD_tb_and4.check4, S_0xc06c34900;
    %join;
    %pushi/vec4 15, 0, 4;
    %store/vec4 v0xc06c4c8c0_0, 0, 4;
    %pushi/vec4 15, 0, 4;
    %store/vec4 v0xc06c4c960_0, 0, 4;
    %delay 5000, 0;
    %pushi/vec4 0, 0, 32; draw_string_vec4
    %pushi/vec4 0, 0, 32; draw_string_vec4
    %concat/vec4; draw_string_vec4
    %pushi/vec4 0, 0, 32; draw_string_vec4
    %concat/vec4; draw_string_vec4
    %pushi/vec4 0, 0, 32; draw_string_vec4
    %concat/vec4; draw_string_vec4
    %pushi/vec4 0, 0, 32; draw_string_vec4
    %concat/vec4; draw_string_vec4
    %pushi/vec4 3223857, 0, 32; draw_string_vec4
    %concat/vec4; draw_string_vec4
    %pushi/vec4 824190496, 0, 32; draw_string_vec4
    %concat/vec4; draw_string_vec4
    %pushi/vec4 825307441, 0, 32; draw_string_vec4
    %concat/vec4; draw_string_vec4
    %store/vec4 v0xc06c4c640_0, 0, 256;
    %load/vec4 v0xc06c4caa0_0;
    %store/vec4 v0xc06c4c5a0_0, 0, 4;
    %pushi/vec4 15, 0, 4;
    %store/vec4 v0xc06c4c500_0, 0, 4;
    %fork TD_tb_and4.check4, S_0xc06c34900;
    %join;
    %pushi/vec4 0, 0, 4;
    %store/vec4 v0xc06c4c8c0_0, 0, 4;
    %pushi/vec4 15, 0, 4;
    %store/vec4 v0xc06c4c960_0, 0, 4;
    %delay 5000, 0;
    %pushi/vec4 0, 0, 32; draw_string_vec4
    %pushi/vec4 0, 0, 32; draw_string_vec4
    %concat/vec4; draw_string_vec4
    %pushi/vec4 0, 0, 32; draw_string_vec4
    %concat/vec4; draw_string_vec4
    %pushi/vec4 0, 0, 32; draw_string_vec4
    %concat/vec4; draw_string_vec4
    %pushi/vec4 0, 0, 32; draw_string_vec4
    %concat/vec4; draw_string_vec4
    %pushi/vec4 3158064, 0, 32; draw_string_vec4
    %concat/vec4; draw_string_vec4
    %pushi/vec4 807413280, 0, 32; draw_string_vec4
    %concat/vec4; draw_string_vec4
    %pushi/vec4 825307441, 0, 32; draw_string_vec4
    %concat/vec4; draw_string_vec4
    %store/vec4 v0xc06c4c640_0, 0, 256;
    %load/vec4 v0xc06c4caa0_0;
    %store/vec4 v0xc06c4c5a0_0, 0, 4;
    %pushi/vec4 0, 0, 4;
    %store/vec4 v0xc06c4c500_0, 0, 4;
    %fork TD_tb_and4.check4, S_0xc06c34900;
    %join;
    %load/vec4 v0xc06c4ca00_0;
    %cmpi/e 0, 0, 32;
    %jmp/0xz  T_1.0, 4;
    %vpi_call/w 4 36 "$display", "AND4: ALL TESTS PASSED \342\234\205" {0 0 0};
    %jmp T_1.1;
T_1.0 ;
    %vpi_call/w 4 37 "$display", "AND4: FAILED \342\235\214 errors=%0d", v0xc06c4ca00_0 {0 0 0};
T_1.1 ;
    %delay 5000, 0;
    %vpi_call/w 4 39 "$finish" {0 0 0};
    %end;
    .thread T_1;
# The file index is used to find the file name in the following table.
:file_names 5;
    "N/A";
    "<interactive>";
    "-";
    "verilog/gates_step2.v";
    "tests/tb_and4.v";
