#! /opt/homebrew/Cellar/icarus-verilog/12.0/bin/vvp
:ivl_version "12.0 (stable)";
:ivl_delay_selection "TYPICAL";
:vpi_time_precision - 12;
:vpi_module "/opt/homebrew/Cellar/icarus-verilog/12.0/lib/ivl/system.vpi";
:vpi_module "/opt/homebrew/Cellar/icarus-verilog/12.0/lib/ivl/vhdl_sys.vpi";
:vpi_module "/opt/homebrew/Cellar/icarus-verilog/12.0/lib/ivl/vhdl_textio.vpi";
:vpi_module "/opt/homebrew/Cellar/icarus-verilog/12.0/lib/ivl/v2005_math.vpi";
:vpi_module "/opt/homebrew/Cellar/icarus-verilog/12.0/lib/ivl/va_math.vpi";
:vpi_module "/opt/homebrew/Cellar/icarus-verilog/12.0/lib/ivl/v2009.vpi";
S_0x104e5cb40 .scope package, "$unit" "$unit" 2 1;
 .timescale 0 0;
S_0x104e5ccc0 .scope module, "tb_arithmetic_step2" "tb_arithmetic_step2" 3 3;
 .timescale -9 -12;
v0xb22c592c0_0 .var "a", 3 0;
v0xb22c59360_0 .var "b", 3 0;
v0xb22c59400_0 .net "bout", 0 0, L_0xb22c59ae0;  1 drivers
v0xb22c594a0_0 .var "cin", 0 0;
v0xb22c59540_0 .net "cout", 0 0, L_0xb22c599a0;  1 drivers
v0xb22c595e0_0 .var/i "errors", 31 0;
v0xb22c59680_0 .net "y_add", 3 0, L_0xb22c59a40;  1 drivers
v0xb22c59720_0 .net "y_div", 3 0, L_0xb22c59c20;  1 drivers
v0xb22c597c0_0 .net "y_mul", 7 0, L_0xb22c5c280;  1 drivers
v0xb22c59860_0 .net "y_rem", 3 0, L_0xb22c59cc0;  1 drivers
v0xb22c59900_0 .net "y_sub", 3 0, L_0xb22c59b80;  1 drivers
S_0x104e5a150 .scope module, "add4_dut" "add4" 3 13, 4 4 0, S_0x104e5ccc0;
 .timescale -9 -12;
    .port_info 0 /INPUT 4 "a";
    .port_info 1 /INPUT 4 "b";
    .port_info 2 /INPUT 1 "cin";
    .port_info 3 /OUTPUT 4 "y";
    .port_info 4 /OUTPUT 1 "cout";
L_0xb23454058 .functor BUFT 1, C4<0>, C4<0>, C4<0>, C4<0>;
v0x104e5a2d0_0 .net *"_ivl_10", 0 0, L_0xb23454058;  1 drivers
v0x104e5a370_0 .net *"_ivl_11", 4 0, L_0x104e69410;  1 drivers
v0x104e5b200_0 .net *"_ivl_13", 4 0, L_0x104e694b0;  1 drivers
L_0xb234540a0 .functor BUFT 1, C4<0000>, C4<0>, C4<0>, C4<0>;
v0x104e5b2a0_0 .net *"_ivl_16", 3 0, L_0xb234540a0;  1 drivers
v0x104e5b340_0 .net *"_ivl_17", 4 0, L_0x104e69550;  1 drivers
v0x104e5b3e0_0 .net *"_ivl_3", 4 0, L_0x104e692d0;  1 drivers
L_0xb23454010 .functor BUFT 1, C4<0>, C4<0>, C4<0>, C4<0>;
v0xb22c58000_0 .net *"_ivl_6", 0 0, L_0xb23454010;  1 drivers
v0xb22c580a0_0 .net *"_ivl_7", 4 0, L_0x104e69370;  1 drivers
v0xb22c58140_0 .net "a", 3 0, v0xb22c592c0_0;  1 drivers
v0xb22c581e0_0 .net "b", 3 0, v0xb22c59360_0;  1 drivers
v0xb22c58280_0 .net "cin", 0 0, v0xb22c594a0_0;  1 drivers
v0xb22c58320_0 .net "cout", 0 0, L_0xb22c599a0;  alias, 1 drivers
v0xb22c583c0_0 .net "y", 3 0, L_0xb22c59a40;  alias, 1 drivers
L_0xb22c599a0 .part L_0x104e69550, 4, 1;
L_0xb22c59a40 .part L_0x104e69550, 0, 4;
L_0x104e692d0 .concat [ 4 1 0 0], v0xb22c592c0_0, L_0xb23454010;
L_0x104e69370 .concat [ 4 1 0 0], v0xb22c59360_0, L_0xb23454058;
L_0x104e69410 .arith/sum 5, L_0x104e692d0, L_0x104e69370;
L_0x104e694b0 .concat [ 1 4 0 0], v0xb22c594a0_0, L_0xb234540a0;
L_0x104e69550 .arith/sum 5, L_0x104e69410, L_0x104e694b0;
S_0x104e5bd50 .scope task, "check" "check" 3 18, 3 18 0, S_0x104e5ccc0;
 .timescale -9 -12;
v0xb22c58460_0 .var/s "exp", 31 0;
v0xb22c58500_0 .var/s "got", 31 0;
v0xb22c585a0_0 .var "label", 255 0;
TD_tb_arithmetic_step2.check ;
    %load/vec4 v0xb22c58500_0;
    %load/vec4 v0xb22c58460_0;
    %cmp/ne;
    %jmp/0xz  T_0.0, 6;
    %vpi_call/w 3 24 "$display", "FAIL: %s | got=%d exp=%d", v0xb22c585a0_0, v0xb22c58500_0, v0xb22c58460_0 {0 0 0};
    %load/vec4 v0xb22c595e0_0;
    %addi 1, 0, 32;
    %store/vec4 v0xb22c595e0_0, 0, 32;
    %jmp T_0.1;
T_0.0 ;
    %vpi_call/w 3 27 "$display", "PASS: %s", v0xb22c585a0_0 {0 0 0};
T_0.1 ;
    %end;
S_0x104e5bed0 .scope module, "div4_dut" "div4" 3 16, 4 34 0, S_0x104e5ccc0;
 .timescale -9 -12;
    .port_info 0 /INPUT 4 "a";
    .port_info 1 /INPUT 4 "b";
    .port_info 2 /OUTPUT 4 "y";
    .port_info 3 /OUTPUT 4 "rem";
v0xb22c58640_0 .net "a", 3 0, v0xb22c592c0_0;  alias, 1 drivers
v0xb22c586e0_0 .net "b", 3 0, v0xb22c59360_0;  alias, 1 drivers
v0xb22c58780_0 .net "rem", 3 0, L_0xb22c59cc0;  alias, 1 drivers
v0xb22c58820_0 .net "y", 3 0, L_0xb22c59c20;  alias, 1 drivers
L_0xb22c59c20 .arith/div 4, v0xb22c592c0_0, v0xb22c59360_0;
L_0xb22c59cc0 .arith/mod 4, v0xb22c592c0_0, v0xb22c59360_0;
S_0x104e58c00 .scope module, "mul4_dut" "mul4" 3 15, 4 25 0, S_0x104e5ccc0;
 .timescale -9 -12;
    .port_info 0 /INPUT 4 "a";
    .port_info 1 /INPUT 4 "b";
    .port_info 2 /OUTPUT 8 "y";
v0xb22c588c0_0 .net *"_ivl_0", 7 0, L_0xb22c5c140;  1 drivers
L_0xb23454178 .functor BUFT 1, C4<0000>, C4<0>, C4<0>, C4<0>;
v0xb22c58960_0 .net *"_ivl_3", 3 0, L_0xb23454178;  1 drivers
v0xb22c58a00_0 .net *"_ivl_4", 7 0, L_0xb22c5c1e0;  1 drivers
L_0xb234541c0 .functor BUFT 1, C4<0000>, C4<0>, C4<0>, C4<0>;
v0xb22c58aa0_0 .net *"_ivl_7", 3 0, L_0xb234541c0;  1 drivers
v0xb22c58b40_0 .net "a", 3 0, v0xb22c592c0_0;  alias, 1 drivers
v0xb22c58be0_0 .net "b", 3 0, v0xb22c59360_0;  alias, 1 drivers
v0xb22c58c80_0 .net "y", 7 0, L_0xb22c5c280;  alias, 1 drivers
L_0xb22c5c140 .concat [ 4 4 0 0], v0xb22c592c0_0, L_0xb23454178;
L_0xb22c5c1e0 .concat [ 4 4 0 0], v0xb22c59360_0, L_0xb234541c0;
L_0xb22c5c280 .arith/mult 8, L_0xb22c5c140, L_0xb22c5c1e0;
S_0x104e58d80 .scope module, "sub4_dut" "sub4" 3 14, 4 15 0, S_0x104e5ccc0;
 .timescale -9 -12;
    .port_info 0 /INPUT 4 "a";
    .port_info 1 /INPUT 4 "b";
    .port_info 2 /OUTPUT 4 "y";
    .port_info 3 /OUTPUT 1 "bout";
L_0xb23454130 .functor BUFT 1, C4<0>, C4<0>, C4<0>, C4<0>;
v0xb22c58d20_0 .net *"_ivl_10", 0 0, L_0xb23454130;  1 drivers
v0xb22c58dc0_0 .net *"_ivl_11", 4 0, L_0xb22c5c0a0;  1 drivers
v0xb22c58e60_0 .net *"_ivl_3", 4 0, L_0x104e695f0;  1 drivers
L_0xb234540e8 .functor BUFT 1, C4<0>, C4<0>, C4<0>, C4<0>;
v0xb22c58f00_0 .net *"_ivl_6", 0 0, L_0xb234540e8;  1 drivers
v0xb22c58fa0_0 .net *"_ivl_7", 4 0, L_0xb22c5c000;  1 drivers
v0xb22c59040_0 .net "a", 3 0, v0xb22c592c0_0;  alias, 1 drivers
v0xb22c590e0_0 .net "b", 3 0, v0xb22c59360_0;  alias, 1 drivers
v0xb22c59180_0 .net "bout", 0 0, L_0xb22c59ae0;  alias, 1 drivers
v0xb22c59220_0 .net "y", 3 0, L_0xb22c59b80;  alias, 1 drivers
L_0xb22c59ae0 .part L_0xb22c5c0a0, 4, 1;
L_0xb22c59b80 .part L_0xb22c5c0a0, 0, 4;
L_0x104e695f0 .concat [ 4 1 0 0], v0xb22c592c0_0, L_0xb234540e8;
L_0xb22c5c000 .concat [ 4 1 0 0], v0xb22c59360_0, L_0xb23454130;
L_0xb22c5c0a0 .arith/sub 5, L_0x104e695f0, L_0xb22c5c000;
    .scope S_0x104e5ccc0;
T_1 ;
    %pushi/vec4 0, 0, 32;
    %store/vec4 v0xb22c595e0_0, 0, 32;
    %vpi_call/w 3 34 "$dumpfile", "waves/arithmetic_step2.vcd" {0 0 0};
    %vpi_call/w 3 35 "$dumpvars", 32'sb00000000000000000000000000000000, S_0x104e5ccc0 {0 0 0};
    %pushi/vec4 5, 0, 4;
    %store/vec4 v0xb22c592c0_0, 0, 4;
    %pushi/vec4 3, 0, 4;
    %store/vec4 v0xb22c59360_0, 0, 4;
    %pushi/vec4 0, 0, 1;
    %store/vec4 v0xb22c594a0_0, 0, 1;
    %delay 5000, 0;
    %pushi/vec4 0, 0, 32; draw_string_vec4
    %pushi/vec4 0, 0, 32; draw_string_vec4
    %concat/vec4; draw_string_vec4
    %pushi/vec4 0, 0, 32; draw_string_vec4
    %concat/vec4; draw_string_vec4
    %pushi/vec4 0, 0, 32; draw_string_vec4
    %concat/vec4; draw_string_vec4
    %pushi/vec4 0, 0, 32; draw_string_vec4
    %concat/vec4; draw_string_vec4
    %pushi/vec4 0, 0, 32; draw_string_vec4
    %concat/vec4; draw_string_vec4
    %pushi/vec4 0, 0, 32; draw_string_vec4
    %concat/vec4; draw_string_vec4
    %pushi/vec4 4277316, 0, 32; draw_string_vec4
    %concat/vec4; draw_string_vec4
    %store/vec4 v0xb22c585a0_0, 0, 256;
    %pushi/vec4 0, 0, 1;
    %load/vec4 v0xb22c59540_0;
    %concat/vec4; draw_concat_vec4
    %load/vec4 v0xb22c59680_0;
    %concat/vec4; draw_concat_vec4
    %pad/u 32;
    %store/vec4 v0xb22c58500_0, 0, 32;
    %pushi/vec4 8, 0, 32;
    %store/vec4 v0xb22c58460_0, 0, 32;
    %fork TD_tb_arithmetic_step2.check, S_0x104e5bd50;
    %join;
    %pushi/vec4 9, 0, 4;
    %store/vec4 v0xb22c592c0_0, 0, 4;
    %pushi/vec4 8, 0, 4;
    %store/vec4 v0xb22c59360_0, 0, 4;
    %pushi/vec4 1, 0, 1;
    %store/vec4 v0xb22c594a0_0, 0, 1;
    %delay 5000, 0;
    %pushi/vec4 0, 0, 32; draw_string_vec4
    %pushi/vec4 0, 0, 32; draw_string_vec4
    %concat/vec4; draw_string_vec4
    %pushi/vec4 0, 0, 32; draw_string_vec4
    %concat/vec4; draw_string_vec4
    %pushi/vec4 0, 0, 32; draw_string_vec4
    %concat/vec4; draw_string_vec4
    %pushi/vec4 0, 0, 32; draw_string_vec4
    %concat/vec4; draw_string_vec4
    %pushi/vec4 0, 0, 32; draw_string_vec4
    %concat/vec4; draw_string_vec4
    %pushi/vec4 0, 0, 32; draw_string_vec4
    %concat/vec4; draw_string_vec4
    %pushi/vec4 4277316, 0, 32; draw_string_vec4
    %concat/vec4; draw_string_vec4
    %store/vec4 v0xb22c585a0_0, 0, 256;
    %pushi/vec4 0, 0, 1;
    %load/vec4 v0xb22c59540_0;
    %concat/vec4; draw_concat_vec4
    %load/vec4 v0xb22c59680_0;
    %concat/vec4; draw_concat_vec4
    %pad/u 32;
    %store/vec4 v0xb22c58500_0, 0, 32;
    %pushi/vec4 18, 0, 32;
    %store/vec4 v0xb22c58460_0, 0, 32;
    %fork TD_tb_arithmetic_step2.check, S_0x104e5bd50;
    %join;
    %pushi/vec4 5, 0, 4;
    %store/vec4 v0xb22c592c0_0, 0, 4;
    %pushi/vec4 3, 0, 4;
    %store/vec4 v0xb22c59360_0, 0, 4;
    %delay 5000, 0;
    %pushi/vec4 0, 0, 32; draw_string_vec4
    %pushi/vec4 0, 0, 32; draw_string_vec4
    %concat/vec4; draw_string_vec4
    %pushi/vec4 0, 0, 32; draw_string_vec4
    %concat/vec4; draw_string_vec4
    %pushi/vec4 0, 0, 32; draw_string_vec4
    %concat/vec4; draw_string_vec4
    %pushi/vec4 0, 0, 32; draw_string_vec4
    %concat/vec4; draw_string_vec4
    %pushi/vec4 0, 0, 32; draw_string_vec4
    %concat/vec4; draw_string_vec4
    %pushi/vec4 0, 0, 32; draw_string_vec4
    %concat/vec4; draw_string_vec4
    %pushi/vec4 5461314, 0, 32; draw_string_vec4
    %concat/vec4; draw_string_vec4
    %store/vec4 v0xb22c585a0_0, 0, 256;
    %load/vec4 v0xb22c59900_0;
    %pad/u 32;
    %store/vec4 v0xb22c58500_0, 0, 32;
    %pushi/vec4 2, 0, 32;
    %store/vec4 v0xb22c58460_0, 0, 32;
    %fork TD_tb_arithmetic_step2.check, S_0x104e5bd50;
    %join;
    %pushi/vec4 3, 0, 4;
    %store/vec4 v0xb22c592c0_0, 0, 4;
    %pushi/vec4 5, 0, 4;
    %store/vec4 v0xb22c59360_0, 0, 4;
    %delay 5000, 0;
    %pushi/vec4 0, 0, 32; draw_string_vec4
    %pushi/vec4 0, 0, 32; draw_string_vec4
    %concat/vec4; draw_string_vec4
    %pushi/vec4 0, 0, 32; draw_string_vec4
    %concat/vec4; draw_string_vec4
    %pushi/vec4 0, 0, 32; draw_string_vec4
    %concat/vec4; draw_string_vec4
    %pushi/vec4 0, 0, 32; draw_string_vec4
    %concat/vec4; draw_string_vec4
    %pushi/vec4 0, 0, 32; draw_string_vec4
    %concat/vec4; draw_string_vec4
    %pushi/vec4 0, 0, 32; draw_string_vec4
    %concat/vec4; draw_string_vec4
    %pushi/vec4 5461314, 0, 32; draw_string_vec4
    %concat/vec4; draw_string_vec4
    %store/vec4 v0xb22c585a0_0, 0, 256;
    %load/vec4 v0xb22c59900_0;
    %pad/s 32;
    %store/vec4 v0xb22c58500_0, 0, 32;
    %pushi/vec4 4294967294, 0, 32;
    %store/vec4 v0xb22c58460_0, 0, 32;
    %fork TD_tb_arithmetic_step2.check, S_0x104e5bd50;
    %join;
    %pushi/vec4 5, 0, 4;
    %store/vec4 v0xb22c592c0_0, 0, 4;
    %pushi/vec4 3, 0, 4;
    %store/vec4 v0xb22c59360_0, 0, 4;
    %delay 5000, 0;
    %pushi/vec4 0, 0, 32; draw_string_vec4
    %pushi/vec4 0, 0, 32; draw_string_vec4
    %concat/vec4; draw_string_vec4
    %pushi/vec4 0, 0, 32; draw_string_vec4
    %concat/vec4; draw_string_vec4
    %pushi/vec4 0, 0, 32; draw_string_vec4
    %concat/vec4; draw_string_vec4
    %pushi/vec4 0, 0, 32; draw_string_vec4
    %concat/vec4; draw_string_vec4
    %pushi/vec4 0, 0, 32; draw_string_vec4
    %concat/vec4; draw_string_vec4
    %pushi/vec4 0, 0, 32; draw_string_vec4
    %concat/vec4; draw_string_vec4
    %pushi/vec4 5068108, 0, 32; draw_string_vec4
    %concat/vec4; draw_string_vec4
    %store/vec4 v0xb22c585a0_0, 0, 256;
    %load/vec4 v0xb22c597c0_0;
    %pad/u 32;
    %store/vec4 v0xb22c58500_0, 0, 32;
    %pushi/vec4 15, 0, 32;
    %store/vec4 v0xb22c58460_0, 0, 32;
    %fork TD_tb_arithmetic_step2.check, S_0x104e5bd50;
    %join;
    %pushi/vec4 9, 0, 4;
    %store/vec4 v0xb22c592c0_0, 0, 4;
    %pushi/vec4 8, 0, 4;
    %store/vec4 v0xb22c59360_0, 0, 4;
    %delay 5000, 0;
    %pushi/vec4 0, 0, 32; draw_string_vec4
    %pushi/vec4 0, 0, 32; draw_string_vec4
    %concat/vec4; draw_string_vec4
    %pushi/vec4 0, 0, 32; draw_string_vec4
    %concat/vec4; draw_string_vec4
    %pushi/vec4 0, 0, 32; draw_string_vec4
    %concat/vec4; draw_string_vec4
    %pushi/vec4 0, 0, 32; draw_string_vec4
    %concat/vec4; draw_string_vec4
    %pushi/vec4 0, 0, 32; draw_string_vec4
    %concat/vec4; draw_string_vec4
    %pushi/vec4 0, 0, 32; draw_string_vec4
    %concat/vec4; draw_string_vec4
    %pushi/vec4 5068108, 0, 32; draw_string_vec4
    %concat/vec4; draw_string_vec4
    %store/vec4 v0xb22c585a0_0, 0, 256;
    %load/vec4 v0xb22c597c0_0;
    %pad/u 32;
    %store/vec4 v0xb22c58500_0, 0, 32;
    %pushi/vec4 72, 0, 32;
    %store/vec4 v0xb22c58460_0, 0, 32;
    %fork TD_tb_arithmetic_step2.check, S_0x104e5bd50;
    %join;
    %pushi/vec4 7, 0, 4;
    %store/vec4 v0xb22c592c0_0, 0, 4;
    %pushi/vec4 3, 0, 4;
    %store/vec4 v0xb22c59360_0, 0, 4;
    %delay 5000, 0;
    %pushi/vec4 0, 0, 32; draw_string_vec4
    %pushi/vec4 0, 0, 32; draw_string_vec4
    %concat/vec4; draw_string_vec4
    %pushi/vec4 0, 0, 32; draw_string_vec4
    %concat/vec4; draw_string_vec4
    %pushi/vec4 0, 0, 32; draw_string_vec4
    %concat/vec4; draw_string_vec4
    %pushi/vec4 0, 0, 32; draw_string_vec4
    %concat/vec4; draw_string_vec4
    %pushi/vec4 0, 0, 32; draw_string_vec4
    %concat/vec4; draw_string_vec4
    %pushi/vec4 0, 0, 32; draw_string_vec4
    %concat/vec4; draw_string_vec4
    %pushi/vec4 4475222, 0, 32; draw_string_vec4
    %concat/vec4; draw_string_vec4
    %store/vec4 v0xb22c585a0_0, 0, 256;
    %load/vec4 v0xb22c59720_0;
    %load/vec4 v0xb22c59860_0;
    %concat/vec4; draw_concat_vec4
    %pad/u 32;
    %store/vec4 v0xb22c58500_0, 0, 32;
    %pushi/vec4 33, 0, 32;
    %store/vec4 v0xb22c58460_0, 0, 32;
    %fork TD_tb_arithmetic_step2.check, S_0x104e5bd50;
    %join;
    %pushi/vec4 15, 0, 4;
    %store/vec4 v0xb22c592c0_0, 0, 4;
    %pushi/vec4 4, 0, 4;
    %store/vec4 v0xb22c59360_0, 0, 4;
    %delay 5000, 0;
    %pushi/vec4 0, 0, 32; draw_string_vec4
    %pushi/vec4 0, 0, 32; draw_string_vec4
    %concat/vec4; draw_string_vec4
    %pushi/vec4 0, 0, 32; draw_string_vec4
    %concat/vec4; draw_string_vec4
    %pushi/vec4 0, 0, 32; draw_string_vec4
    %concat/vec4; draw_string_vec4
    %pushi/vec4 0, 0, 32; draw_string_vec4
    %concat/vec4; draw_string_vec4
    %pushi/vec4 0, 0, 32; draw_string_vec4
    %concat/vec4; draw_string_vec4
    %pushi/vec4 0, 0, 32; draw_string_vec4
    %concat/vec4; draw_string_vec4
    %pushi/vec4 4475222, 0, 32; draw_string_vec4
    %concat/vec4; draw_string_vec4
    %store/vec4 v0xb22c585a0_0, 0, 256;
    %load/vec4 v0xb22c59720_0;
    %load/vec4 v0xb22c59860_0;
    %concat/vec4; draw_concat_vec4
    %pad/u 32;
    %store/vec4 v0xb22c58500_0, 0, 32;
    %pushi/vec4 51, 0, 32;
    %store/vec4 v0xb22c58460_0, 0, 32;
    %fork TD_tb_arithmetic_step2.check, S_0x104e5bd50;
    %join;
    %load/vec4 v0xb22c595e0_0;
    %cmpi/e 0, 0, 32;
    %jmp/0xz  T_1.0, 4;
    %vpi_call/w 3 53 "$display", "ARITHMETIC_STEP2: ALL TESTS PASSED \342\234\205" {0 0 0};
    %jmp T_1.1;
T_1.0 ;
    %vpi_call/w 3 54 "$display", "ARITHMETIC_STEP2: FAILED \342\235\214 errors=%0d", v0xb22c595e0_0 {0 0 0};
T_1.1 ;
    %delay 5000, 0;
    %vpi_call/w 3 56 "$finish" {0 0 0};
    %end;
    .thread T_1;
# The file index is used to find the file name in the following table.
:file_names 5;
    "N/A";
    "<interactive>";
    "-";
    "tests/tb_arithmetic_step2.v";
    "verilog/arithmetic_step2.v";
