#! /opt/homebrew/Cellar/icarus-verilog/12.0/bin/vvp
:ivl_version "12.0 (stable)";
:ivl_delay_selection "TYPICAL";
:vpi_time_precision - 12;
:vpi_module "/opt/homebrew/Cellar/icarus-verilog/12.0/lib/ivl/system.vpi";
:vpi_module "/opt/homebrew/Cellar/icarus-verilog/12.0/lib/ivl/vhdl_sys.vpi";
:vpi_module "/opt/homebrew/Cellar/icarus-verilog/12.0/lib/ivl/vhdl_textio.vpi";
:vpi_module "/opt/homebrew/Cellar/icarus-verilog/12.0/lib/ivl/v2005_math.vpi";
:vpi_module "/opt/homebrew/Cellar/icarus-verilog/12.0/lib/ivl/va_math.vpi";
:vpi_module "/opt/homebrew/Cellar/icarus-verilog/12.0/lib/ivl/v2009.vpi";
S_0x10548a2a0 .scope package, "$unit" "$unit" 2 1;
 .timescale 0 0;
S_0x105488be0 .scope module, "tb_div4" "tb_div4" 3 3;
 .timescale -9 -12;
v0x105492560_0 .var "a", 3 0;
v0x105492600_0 .var "b", 3 0;
v0x1054926a0_0 .var/i "errors", 31 0;
v0x105492740_0 .net "y_div", 3 0, L_0x800c280a0;  1 drivers
v0x800c28000_0 .net "y_rem", 3 0, L_0x800c28140;  1 drivers
S_0x105488d60 .scope task, "check" "check" 3 11, 3 11 0, S_0x105488be0;
 .timescale -9 -12;
v0x10548a420_0 .var/s "exp", 31 0;
v0x1054914d0_0 .var/s "got", 31 0;
v0x105491570_0 .var "label", 255 0;
TD_tb_div4.check ;
    %load/vec4 v0x1054914d0_0;
    %load/vec4 v0x10548a420_0;
    %cmp/ne;
    %jmp/0xz  T_0.0, 6;
    %vpi_call/w 3 17 "$display", "FAIL: %s | got=%d exp=%d", v0x105491570_0, v0x1054914d0_0, v0x10548a420_0 {0 0 0};
    %load/vec4 v0x1054926a0_0;
    %addi 1, 0, 32;
    %store/vec4 v0x1054926a0_0, 0, 32;
    %jmp T_0.1;
T_0.0 ;
    %vpi_call/w 3 20 "$display", "PASS: %s", v0x105491570_0 {0 0 0};
T_0.1 ;
    %end;
S_0x1054922a0 .scope module, "div4_dut" "div4" 3 9, 4 4 0, S_0x105488be0;
 .timescale -9 -12;
    .port_info 0 /INPUT 4 "a";
    .port_info 1 /INPUT 4 "b";
    .port_info 2 /OUTPUT 4 "y";
    .port_info 3 /OUTPUT 4 "rem";
v0x105491610_0 .net "a", 3 0, v0x105492560_0;  1 drivers
v0x1054916b0_0 .net "b", 3 0, v0x105492600_0;  1 drivers
v0x105492420_0 .net "rem", 3 0, L_0x800c28140;  alias, 1 drivers
v0x1054924c0_0 .net "y", 3 0, L_0x800c280a0;  alias, 1 drivers
L_0x800c280a0 .arith/div 4, v0x105492560_0, v0x105492600_0;
L_0x800c28140 .arith/mod 4, v0x105492560_0, v0x105492600_0;
    .scope S_0x105488be0;
T_1 ;
    %pushi/vec4 0, 0, 32;
    %store/vec4 v0x1054926a0_0, 0, 32;
    %vpi_call/w 3 27 "$dumpfile", "waves/div4.vcd" {0 0 0};
    %vpi_call/w 3 28 "$dumpvars", 32'sb00000000000000000000000000000000, S_0x105488be0 {0 0 0};
    %pushi/vec4 7, 0, 4;
    %store/vec4 v0x105492560_0, 0, 4;
    %pushi/vec4 3, 0, 4;
    %store/vec4 v0x105492600_0, 0, 4;
    %delay 5000, 0;
    %pushi/vec4 0, 0, 32; draw_string_vec4
    %pushi/vec4 0, 0, 32; draw_string_vec4
    %concat/vec4; draw_string_vec4
    %pushi/vec4 0, 0, 32; draw_string_vec4
    %concat/vec4; draw_string_vec4
    %pushi/vec4 0, 0, 32; draw_string_vec4
    %concat/vec4; draw_string_vec4
    %pushi/vec4 0, 0, 32; draw_string_vec4
    %concat/vec4; draw_string_vec4
    %pushi/vec4 0, 0, 32; draw_string_vec4
    %concat/vec4; draw_string_vec4
    %pushi/vec4 0, 0, 32; draw_string_vec4
    %concat/vec4; draw_string_vec4
    %pushi/vec4 4475222, 0, 32; draw_string_vec4
    %concat/vec4; draw_string_vec4
    %store/vec4 v0x105491570_0, 0, 256;
    %load/vec4 v0x105492740_0;
    %load/vec4 v0x800c28000_0;
    %concat/vec4; draw_concat_vec4
    %pad/u 32;
    %store/vec4 v0x1054914d0_0, 0, 32;
    %pushi/vec4 33, 0, 32;
    %store/vec4 v0x10548a420_0, 0, 32;
    %fork TD_tb_div4.check, S_0x105488d60;
    %join;
    %pushi/vec4 15, 0, 4;
    %store/vec4 v0x105492560_0, 0, 4;
    %pushi/vec4 4, 0, 4;
    %store/vec4 v0x105492600_0, 0, 4;
    %delay 5000, 0;
    %pushi/vec4 0, 0, 32; draw_string_vec4
    %pushi/vec4 0, 0, 32; draw_string_vec4
    %concat/vec4; draw_string_vec4
    %pushi/vec4 0, 0, 32; draw_string_vec4
    %concat/vec4; draw_string_vec4
    %pushi/vec4 0, 0, 32; draw_string_vec4
    %concat/vec4; draw_string_vec4
    %pushi/vec4 0, 0, 32; draw_string_vec4
    %concat/vec4; draw_string_vec4
    %pushi/vec4 0, 0, 32; draw_string_vec4
    %concat/vec4; draw_string_vec4
    %pushi/vec4 0, 0, 32; draw_string_vec4
    %concat/vec4; draw_string_vec4
    %pushi/vec4 4475222, 0, 32; draw_string_vec4
    %concat/vec4; draw_string_vec4
    %store/vec4 v0x105491570_0, 0, 256;
    %load/vec4 v0x105492740_0;
    %load/vec4 v0x800c28000_0;
    %concat/vec4; draw_concat_vec4
    %pad/u 32;
    %store/vec4 v0x1054914d0_0, 0, 32;
    %pushi/vec4 51, 0, 32;
    %store/vec4 v0x10548a420_0, 0, 32;
    %fork TD_tb_div4.check, S_0x105488d60;
    %join;
    %load/vec4 v0x1054926a0_0;
    %cmpi/e 0, 0, 32;
    %jmp/0xz  T_1.0, 4;
    %vpi_call/w 3 34 "$display", "DIV4: ALL TESTS PASSED \342\234\205" {0 0 0};
    %jmp T_1.1;
T_1.0 ;
    %vpi_call/w 3 35 "$display", "DIV4: FAILED \342\235\214 errors=%0d", v0x1054926a0_0 {0 0 0};
T_1.1 ;
    %delay 5000, 0;
    %vpi_call/w 3 37 "$finish" {0 0 0};
    %end;
    .thread T_1;
# The file index is used to find the file name in the following table.
:file_names 5;
    "N/A";
    "<interactive>";
    "-";
    "tests/arithmetic/tb_div4.v";
    "verilog/arithmetic/div4.v";
