#! /opt/homebrew/Cellar/icarus-verilog/12.0/bin/vvp
:ivl_version "12.0 (stable)";
:ivl_delay_selection "TYPICAL";
:vpi_time_precision - 12;
:vpi_module "/opt/homebrew/Cellar/icarus-verilog/12.0/lib/ivl/system.vpi";
:vpi_module "/opt/homebrew/Cellar/icarus-verilog/12.0/lib/ivl/vhdl_sys.vpi";
:vpi_module "/opt/homebrew/Cellar/icarus-verilog/12.0/lib/ivl/vhdl_textio.vpi";
:vpi_module "/opt/homebrew/Cellar/icarus-verilog/12.0/lib/ivl/v2005_math.vpi";
:vpi_module "/opt/homebrew/Cellar/icarus-verilog/12.0/lib/ivl/va_math.vpi";
:vpi_module "/opt/homebrew/Cellar/icarus-verilog/12.0/lib/ivl/v2009.vpi";
S_0x100d87ee0 .scope package, "$unit" "$unit" 2 1;
 .timescale 0 0;
S_0x100d88060 .scope module, "tb_gates_step2" "tb_gates_step2" 3 3;
 .timescale -9 -12;
v0x94cc648c0_0 .var "a", 3 0;
v0x94cc64960_0 .var "b", 3 0;
v0x94cc64a00_0 .var/i "errors", 31 0;
v0x94cc64aa0_0 .net "y_and", 3 0, L_0x94cc40070;  1 drivers
v0x94cc64b40_0 .net "y_nand", 3 0, L_0x94cc40150;  1 drivers
v0x94cc64be0_0 .net "y_nor", 3 0, L_0x94cc402a0;  1 drivers
v0x94cc64c80_0 .net "y_not", 3 0, L_0x94cc40460;  1 drivers
v0x94cc64d20_0 .net "y_or", 3 0, L_0x94cc401c0;  1 drivers
v0x94cc64dc0_0 .net "y_xnor", 3 0, L_0x94cc403f0;  1 drivers
v0x94cc64e60_0 .net "y_xor", 3 0, L_0x94cc40310;  1 drivers
S_0x100d887e0 .scope module, "and4_dut" "and4" 3 10, 4 4 0, S_0x100d88060;
 .timescale -9 -12;
    .port_info 0 /INPUT 4 "a";
    .port_info 1 /INPUT 4 "b";
    .port_info 2 /OUTPUT 4 "y";
L_0x94cc40070 .functor AND 4, v0x94cc648c0_0, v0x94cc64960_0, C4<1111>, C4<1111>;
v0x100d90610_0 .net "a", 3 0, v0x94cc648c0_0;  1 drivers
v0x100d91500_0 .net "b", 3 0, v0x94cc64960_0;  1 drivers
v0x100d90b20_0 .net "y", 3 0, L_0x94cc40070;  alias, 1 drivers
S_0x100d88960 .scope task, "check4" "check4" 3 18, 3 18 0, S_0x100d88060;
 .timescale -9 -12;
v0x100d90370_0 .var "exp", 3 0;
v0x100d8fde0_0 .var "got", 3 0;
v0x100d89730_0 .var "label", 255 0;
TD_tb_gates_step2.check4 ;
    %load/vec4 v0x100d8fde0_0;
    %load/vec4 v0x100d90370_0;
    %cmp/ne;
    %jmp/0xz  T_0.0, 6;
    %vpi_call/w 3 24 "$display", "FAIL: %s | got=%b exp=%b", v0x100d89730_0, v0x100d8fde0_0, v0x100d90370_0 {0 0 0};
    %load/vec4 v0x94cc64a00_0;
    %addi 1, 0, 32;
    %store/vec4 v0x94cc64a00_0, 0, 32;
    %jmp T_0.1;
T_0.0 ;
    %vpi_call/w 3 27 "$display", "PASS: %s", v0x100d89730_0 {0 0 0};
T_0.1 ;
    %end;
S_0x100d897d0 .scope module, "nand4_dut" "nand4" 3 11, 4 13 0, S_0x100d88060;
 .timescale -9 -12;
    .port_info 0 /INPUT 4 "a";
    .port_info 1 /INPUT 4 "b";
    .port_info 2 /OUTPUT 4 "y";
L_0x94cc400e0 .functor AND 4, v0x94cc648c0_0, v0x94cc64960_0, C4<1111>, C4<1111>;
L_0x94cc40150 .functor NOT 4, L_0x94cc400e0, C4<0000>, C4<0000>, C4<0000>;
v0x100d89950_0 .net *"_ivl_0", 3 0, L_0x94cc400e0;  1 drivers
v0x100d86500_0 .net "a", 3 0, v0x94cc648c0_0;  alias, 1 drivers
v0x100d865a0_0 .net "b", 3 0, v0x94cc64960_0;  alias, 1 drivers
v0x100d86640_0 .net "y", 3 0, L_0x94cc40150;  alias, 1 drivers
S_0x100d89110 .scope module, "nor4_dut" "nor4" 3 13, 4 31 0, S_0x100d88060;
 .timescale -9 -12;
    .port_info 0 /INPUT 4 "a";
    .port_info 1 /INPUT 4 "b";
    .port_info 2 /OUTPUT 4 "y";
L_0x94cc40230 .functor OR 4, v0x94cc648c0_0, v0x94cc64960_0, C4<0000>, C4<0000>;
L_0x94cc402a0 .functor NOT 4, L_0x94cc40230, C4<0000>, C4<0000>, C4<0000>;
v0x100d866e0_0 .net *"_ivl_0", 3 0, L_0x94cc40230;  1 drivers
v0x100d86780_0 .net "a", 3 0, v0x94cc648c0_0;  alias, 1 drivers
v0x94cc64000_0 .net "b", 3 0, v0x94cc64960_0;  alias, 1 drivers
v0x94cc640a0_0 .net "y", 3 0, L_0x94cc402a0;  alias, 1 drivers
S_0x100d89290 .scope module, "not4_dut" "not4" 3 16, 4 58 0, S_0x100d88060;
 .timescale -9 -12;
    .port_info 0 /INPUT 4 "a";
    .port_info 1 /OUTPUT 4 "y";
L_0x94cc40460 .functor NOT 4, v0x94cc648c0_0, C4<0000>, C4<0000>, C4<0000>;
v0x94cc64140_0 .net "a", 3 0, v0x94cc648c0_0;  alias, 1 drivers
v0x94cc641e0_0 .net "y", 3 0, L_0x94cc40460;  alias, 1 drivers
S_0x100d87310 .scope module, "or4_dut" "or4" 3 12, 4 22 0, S_0x100d88060;
 .timescale -9 -12;
    .port_info 0 /INPUT 4 "a";
    .port_info 1 /INPUT 4 "b";
    .port_info 2 /OUTPUT 4 "y";
L_0x94cc401c0 .functor OR 4, v0x94cc648c0_0, v0x94cc64960_0, C4<0000>, C4<0000>;
v0x94cc64280_0 .net "a", 3 0, v0x94cc648c0_0;  alias, 1 drivers
v0x94cc64320_0 .net "b", 3 0, v0x94cc64960_0;  alias, 1 drivers
v0x94cc643c0_0 .net "y", 3 0, L_0x94cc401c0;  alias, 1 drivers
S_0x100d87490 .scope module, "xnor4_dut" "xnor4" 3 15, 4 49 0, S_0x100d88060;
 .timescale -9 -12;
    .port_info 0 /INPUT 4 "a";
    .port_info 1 /INPUT 4 "b";
    .port_info 2 /OUTPUT 4 "y";
L_0x94cc40380 .functor XOR 4, v0x94cc648c0_0, v0x94cc64960_0, C4<0000>, C4<0000>;
L_0x94cc403f0 .functor NOT 4, L_0x94cc40380, C4<0000>, C4<0000>, C4<0000>;
v0x94cc64460_0 .net *"_ivl_0", 3 0, L_0x94cc40380;  1 drivers
v0x94cc64500_0 .net "a", 3 0, v0x94cc648c0_0;  alias, 1 drivers
v0x94cc645a0_0 .net "b", 3 0, v0x94cc64960_0;  alias, 1 drivers
v0x94cc64640_0 .net "y", 3 0, L_0x94cc403f0;  alias, 1 drivers
S_0x100d85510 .scope module, "xor4_dut" "xor4" 3 14, 4 40 0, S_0x100d88060;
 .timescale -9 -12;
    .port_info 0 /INPUT 4 "a";
    .port_info 1 /INPUT 4 "b";
    .port_info 2 /OUTPUT 4 "y";
L_0x94cc40310 .functor XOR 4, v0x94cc648c0_0, v0x94cc64960_0, C4<0000>, C4<0000>;
v0x94cc646e0_0 .net "a", 3 0, v0x94cc648c0_0;  alias, 1 drivers
v0x94cc64780_0 .net "b", 3 0, v0x94cc64960_0;  alias, 1 drivers
v0x94cc64820_0 .net "y", 3 0, L_0x94cc40310;  alias, 1 drivers
    .scope S_0x100d88060;
T_1 ;
    %pushi/vec4 0, 0, 32;
    %store/vec4 v0x94cc64a00_0, 0, 32;
    %vpi_call/w 3 34 "$dumpfile", "waves/gates_step2.vcd" {0 0 0};
    %vpi_call/w 3 35 "$dumpvars", 32'sb00000000000000000000000000000000, S_0x100d88060 {0 0 0};
    %pushi/vec4 5, 0, 4;
    %store/vec4 v0x94cc648c0_0, 0, 4;
    %pushi/vec4 10, 0, 4;
    %store/vec4 v0x94cc64960_0, 0, 4;
    %delay 5000, 0;
    %pushi/vec4 0, 0, 32; draw_string_vec4
    %pushi/vec4 0, 0, 32; draw_string_vec4
    %concat/vec4; draw_string_vec4
    %pushi/vec4 0, 0, 32; draw_string_vec4
    %concat/vec4; draw_string_vec4
    %pushi/vec4 0, 0, 32; draw_string_vec4
    %concat/vec4; draw_string_vec4
    %pushi/vec4 0, 0, 32; draw_string_vec4
    %concat/vec4; draw_string_vec4
    %pushi/vec4 0, 0, 32; draw_string_vec4
    %concat/vec4; draw_string_vec4
    %pushi/vec4 0, 0, 32; draw_string_vec4
    %concat/vec4; draw_string_vec4
    %pushi/vec4 4279876, 0, 32; draw_string_vec4
    %concat/vec4; draw_string_vec4
    %store/vec4 v0x100d89730_0, 0, 256;
    %load/vec4 v0x94cc64aa0_0;
    %store/vec4 v0x100d8fde0_0, 0, 4;
    %pushi/vec4 0, 0, 4;
    %store/vec4 v0x100d90370_0, 0, 4;
    %fork TD_tb_gates_step2.check4, S_0x100d88960;
    %join;
    %pushi/vec4 0, 0, 32; draw_string_vec4
    %pushi/vec4 0, 0, 32; draw_string_vec4
    %concat/vec4; draw_string_vec4
    %pushi/vec4 0, 0, 32; draw_string_vec4
    %concat/vec4; draw_string_vec4
    %pushi/vec4 0, 0, 32; draw_string_vec4
    %concat/vec4; draw_string_vec4
    %pushi/vec4 0, 0, 32; draw_string_vec4
    %concat/vec4; draw_string_vec4
    %pushi/vec4 0, 0, 32; draw_string_vec4
    %concat/vec4; draw_string_vec4
    %pushi/vec4 0, 0, 32; draw_string_vec4
    %concat/vec4; draw_string_vec4
    %pushi/vec4 1312902724, 0, 32; draw_string_vec4
    %concat/vec4; draw_string_vec4
    %store/vec4 v0x100d89730_0, 0, 256;
    %load/vec4 v0x94cc64b40_0;
    %store/vec4 v0x100d8fde0_0, 0, 4;
    %pushi/vec4 15, 0, 4;
    %store/vec4 v0x100d90370_0, 0, 4;
    %fork TD_tb_gates_step2.check4, S_0x100d88960;
    %join;
    %pushi/vec4 0, 0, 32; draw_string_vec4
    %pushi/vec4 0, 0, 32; draw_string_vec4
    %concat/vec4; draw_string_vec4
    %pushi/vec4 0, 0, 32; draw_string_vec4
    %concat/vec4; draw_string_vec4
    %pushi/vec4 0, 0, 32; draw_string_vec4
    %concat/vec4; draw_string_vec4
    %pushi/vec4 0, 0, 32; draw_string_vec4
    %concat/vec4; draw_string_vec4
    %pushi/vec4 0, 0, 32; draw_string_vec4
    %concat/vec4; draw_string_vec4
    %pushi/vec4 0, 0, 32; draw_string_vec4
    %concat/vec4; draw_string_vec4
    %pushi/vec4 20306, 0, 32; draw_string_vec4
    %concat/vec4; draw_string_vec4
    %store/vec4 v0x100d89730_0, 0, 256;
    %load/vec4 v0x94cc64d20_0;
    %store/vec4 v0x100d8fde0_0, 0, 4;
    %pushi/vec4 15, 0, 4;
    %store/vec4 v0x100d90370_0, 0, 4;
    %fork TD_tb_gates_step2.check4, S_0x100d88960;
    %join;
    %pushi/vec4 0, 0, 32; draw_string_vec4
    %pushi/vec4 0, 0, 32; draw_string_vec4
    %concat/vec4; draw_string_vec4
    %pushi/vec4 0, 0, 32; draw_string_vec4
    %concat/vec4; draw_string_vec4
    %pushi/vec4 0, 0, 32; draw_string_vec4
    %concat/vec4; draw_string_vec4
    %pushi/vec4 0, 0, 32; draw_string_vec4
    %concat/vec4; draw_string_vec4
    %pushi/vec4 0, 0, 32; draw_string_vec4
    %concat/vec4; draw_string_vec4
    %pushi/vec4 0, 0, 32; draw_string_vec4
    %concat/vec4; draw_string_vec4
    %pushi/vec4 5132114, 0, 32; draw_string_vec4
    %concat/vec4; draw_string_vec4
    %store/vec4 v0x100d89730_0, 0, 256;
    %load/vec4 v0x94cc64be0_0;
    %store/vec4 v0x100d8fde0_0, 0, 4;
    %pushi/vec4 0, 0, 4;
    %store/vec4 v0x100d90370_0, 0, 4;
    %fork TD_tb_gates_step2.check4, S_0x100d88960;
    %join;
    %pushi/vec4 0, 0, 32; draw_string_vec4
    %pushi/vec4 0, 0, 32; draw_string_vec4
    %concat/vec4; draw_string_vec4
    %pushi/vec4 0, 0, 32; draw_string_vec4
    %concat/vec4; draw_string_vec4
    %pushi/vec4 0, 0, 32; draw_string_vec4
    %concat/vec4; draw_string_vec4
    %pushi/vec4 0, 0, 32; draw_string_vec4
    %concat/vec4; draw_string_vec4
    %pushi/vec4 0, 0, 32; draw_string_vec4
    %concat/vec4; draw_string_vec4
    %pushi/vec4 0, 0, 32; draw_string_vec4
    %concat/vec4; draw_string_vec4
    %pushi/vec4 5787474, 0, 32; draw_string_vec4
    %concat/vec4; draw_string_vec4
    %store/vec4 v0x100d89730_0, 0, 256;
    %load/vec4 v0x94cc64e60_0;
    %store/vec4 v0x100d8fde0_0, 0, 4;
    %pushi/vec4 15, 0, 4;
    %store/vec4 v0x100d90370_0, 0, 4;
    %fork TD_tb_gates_step2.check4, S_0x100d88960;
    %join;
    %pushi/vec4 0, 0, 32; draw_string_vec4
    %pushi/vec4 0, 0, 32; draw_string_vec4
    %concat/vec4; draw_string_vec4
    %pushi/vec4 0, 0, 32; draw_string_vec4
    %concat/vec4; draw_string_vec4
    %pushi/vec4 0, 0, 32; draw_string_vec4
    %concat/vec4; draw_string_vec4
    %pushi/vec4 0, 0, 32; draw_string_vec4
    %concat/vec4; draw_string_vec4
    %pushi/vec4 0, 0, 32; draw_string_vec4
    %concat/vec4; draw_string_vec4
    %pushi/vec4 0, 0, 32; draw_string_vec4
    %concat/vec4; draw_string_vec4
    %pushi/vec4 1481527122, 0, 32; draw_string_vec4
    %concat/vec4; draw_string_vec4
    %store/vec4 v0x100d89730_0, 0, 256;
    %load/vec4 v0x94cc64dc0_0;
    %store/vec4 v0x100d8fde0_0, 0, 4;
    %pushi/vec4 0, 0, 4;
    %store/vec4 v0x100d90370_0, 0, 4;
    %fork TD_tb_gates_step2.check4, S_0x100d88960;
    %join;
    %pushi/vec4 0, 0, 32; draw_string_vec4
    %pushi/vec4 0, 0, 32; draw_string_vec4
    %concat/vec4; draw_string_vec4
    %pushi/vec4 0, 0, 32; draw_string_vec4
    %concat/vec4; draw_string_vec4
    %pushi/vec4 0, 0, 32; draw_string_vec4
    %concat/vec4; draw_string_vec4
    %pushi/vec4 0, 0, 32; draw_string_vec4
    %concat/vec4; draw_string_vec4
    %pushi/vec4 0, 0, 32; draw_string_vec4
    %concat/vec4; draw_string_vec4
    %pushi/vec4 78, 0, 32; draw_string_vec4
    %concat/vec4; draw_string_vec4
    %pushi/vec4 1330913377, 0, 32; draw_string_vec4
    %concat/vec4; draw_string_vec4
    %store/vec4 v0x100d89730_0, 0, 256;
    %load/vec4 v0x94cc64c80_0;
    %store/vec4 v0x100d8fde0_0, 0, 4;
    %pushi/vec4 10, 0, 4;
    %store/vec4 v0x100d90370_0, 0, 4;
    %fork TD_tb_gates_step2.check4, S_0x100d88960;
    %join;
    %pushi/vec4 12, 0, 4;
    %store/vec4 v0x94cc648c0_0, 0, 4;
    %pushi/vec4 12, 0, 4;
    %store/vec4 v0x94cc64960_0, 0, 4;
    %delay 5000, 0;
    %pushi/vec4 0, 0, 32; draw_string_vec4
    %pushi/vec4 0, 0, 32; draw_string_vec4
    %concat/vec4; draw_string_vec4
    %pushi/vec4 0, 0, 32; draw_string_vec4
    %concat/vec4; draw_string_vec4
    %pushi/vec4 0, 0, 32; draw_string_vec4
    %concat/vec4; draw_string_vec4
    %pushi/vec4 0, 0, 32; draw_string_vec4
    %concat/vec4; draw_string_vec4
    %pushi/vec4 0, 0, 32; draw_string_vec4
    %concat/vec4; draw_string_vec4
    %pushi/vec4 0, 0, 32; draw_string_vec4
    %concat/vec4; draw_string_vec4
    %pushi/vec4 4279876, 0, 32; draw_string_vec4
    %concat/vec4; draw_string_vec4
    %store/vec4 v0x100d89730_0, 0, 256;
    %load/vec4 v0x94cc64aa0_0;
    %store/vec4 v0x100d8fde0_0, 0, 4;
    %pushi/vec4 12, 0, 4;
    %store/vec4 v0x100d90370_0, 0, 4;
    %fork TD_tb_gates_step2.check4, S_0x100d88960;
    %join;
    %pushi/vec4 0, 0, 32; draw_string_vec4
    %pushi/vec4 0, 0, 32; draw_string_vec4
    %concat/vec4; draw_string_vec4
    %pushi/vec4 0, 0, 32; draw_string_vec4
    %concat/vec4; draw_string_vec4
    %pushi/vec4 0, 0, 32; draw_string_vec4
    %concat/vec4; draw_string_vec4
    %pushi/vec4 0, 0, 32; draw_string_vec4
    %concat/vec4; draw_string_vec4
    %pushi/vec4 0, 0, 32; draw_string_vec4
    %concat/vec4; draw_string_vec4
    %pushi/vec4 0, 0, 32; draw_string_vec4
    %concat/vec4; draw_string_vec4
    %pushi/vec4 1312902724, 0, 32; draw_string_vec4
    %concat/vec4; draw_string_vec4
    %store/vec4 v0x100d89730_0, 0, 256;
    %load/vec4 v0x94cc64b40_0;
    %store/vec4 v0x100d8fde0_0, 0, 4;
    %pushi/vec4 3, 0, 4;
    %store/vec4 v0x100d90370_0, 0, 4;
    %fork TD_tb_gates_step2.check4, S_0x100d88960;
    %join;
    %pushi/vec4 0, 0, 32; draw_string_vec4
    %pushi/vec4 0, 0, 32; draw_string_vec4
    %concat/vec4; draw_string_vec4
    %pushi/vec4 0, 0, 32; draw_string_vec4
    %concat/vec4; draw_string_vec4
    %pushi/vec4 0, 0, 32; draw_string_vec4
    %concat/vec4; draw_string_vec4
    %pushi/vec4 0, 0, 32; draw_string_vec4
    %concat/vec4; draw_string_vec4
    %pushi/vec4 0, 0, 32; draw_string_vec4
    %concat/vec4; draw_string_vec4
    %pushi/vec4 0, 0, 32; draw_string_vec4
    %concat/vec4; draw_string_vec4
    %pushi/vec4 20306, 0, 32; draw_string_vec4
    %concat/vec4; draw_string_vec4
    %store/vec4 v0x100d89730_0, 0, 256;
    %load/vec4 v0x94cc64d20_0;
    %store/vec4 v0x100d8fde0_0, 0, 4;
    %pushi/vec4 12, 0, 4;
    %store/vec4 v0x100d90370_0, 0, 4;
    %fork TD_tb_gates_step2.check4, S_0x100d88960;
    %join;
    %pushi/vec4 0, 0, 32; draw_string_vec4
    %pushi/vec4 0, 0, 32; draw_string_vec4
    %concat/vec4; draw_string_vec4
    %pushi/vec4 0, 0, 32; draw_string_vec4
    %concat/vec4; draw_string_vec4
    %pushi/vec4 0, 0, 32; draw_string_vec4
    %concat/vec4; draw_string_vec4
    %pushi/vec4 0, 0, 32; draw_string_vec4
    %concat/vec4; draw_string_vec4
    %pushi/vec4 0, 0, 32; draw_string_vec4
    %concat/vec4; draw_string_vec4
    %pushi/vec4 0, 0, 32; draw_string_vec4
    %concat/vec4; draw_string_vec4
    %pushi/vec4 5132114, 0, 32; draw_string_vec4
    %concat/vec4; draw_string_vec4
    %store/vec4 v0x100d89730_0, 0, 256;
    %load/vec4 v0x94cc64be0_0;
    %store/vec4 v0x100d8fde0_0, 0, 4;
    %pushi/vec4 3, 0, 4;
    %store/vec4 v0x100d90370_0, 0, 4;
    %fork TD_tb_gates_step2.check4, S_0x100d88960;
    %join;
    %pushi/vec4 0, 0, 32; draw_string_vec4
    %pushi/vec4 0, 0, 32; draw_string_vec4
    %concat/vec4; draw_string_vec4
    %pushi/vec4 0, 0, 32; draw_string_vec4
    %concat/vec4; draw_string_vec4
    %pushi/vec4 0, 0, 32; draw_string_vec4
    %concat/vec4; draw_string_vec4
    %pushi/vec4 0, 0, 32; draw_string_vec4
    %concat/vec4; draw_string_vec4
    %pushi/vec4 0, 0, 32; draw_string_vec4
    %concat/vec4; draw_string_vec4
    %pushi/vec4 0, 0, 32; draw_string_vec4
    %concat/vec4; draw_string_vec4
    %pushi/vec4 5787474, 0, 32; draw_string_vec4
    %concat/vec4; draw_string_vec4
    %store/vec4 v0x100d89730_0, 0, 256;
    %load/vec4 v0x94cc64e60_0;
    %store/vec4 v0x100d8fde0_0, 0, 4;
    %pushi/vec4 0, 0, 4;
    %store/vec4 v0x100d90370_0, 0, 4;
    %fork TD_tb_gates_step2.check4, S_0x100d88960;
    %join;
    %pushi/vec4 0, 0, 32; draw_string_vec4
    %pushi/vec4 0, 0, 32; draw_string_vec4
    %concat/vec4; draw_string_vec4
    %pushi/vec4 0, 0, 32; draw_string_vec4
    %concat/vec4; draw_string_vec4
    %pushi/vec4 0, 0, 32; draw_string_vec4
    %concat/vec4; draw_string_vec4
    %pushi/vec4 0, 0, 32; draw_string_vec4
    %concat/vec4; draw_string_vec4
    %pushi/vec4 0, 0, 32; draw_string_vec4
    %concat/vec4; draw_string_vec4
    %pushi/vec4 0, 0, 32; draw_string_vec4
    %concat/vec4; draw_string_vec4
    %pushi/vec4 1481527122, 0, 32; draw_string_vec4
    %concat/vec4; draw_string_vec4
    %store/vec4 v0x100d89730_0, 0, 256;
    %load/vec4 v0x94cc64dc0_0;
    %store/vec4 v0x100d8fde0_0, 0, 4;
    %pushi/vec4 15, 0, 4;
    %store/vec4 v0x100d90370_0, 0, 4;
    %fork TD_tb_gates_step2.check4, S_0x100d88960;
    %join;
    %pushi/vec4 0, 0, 32; draw_string_vec4
    %pushi/vec4 0, 0, 32; draw_string_vec4
    %concat/vec4; draw_string_vec4
    %pushi/vec4 0, 0, 32; draw_string_vec4
    %concat/vec4; draw_string_vec4
    %pushi/vec4 0, 0, 32; draw_string_vec4
    %concat/vec4; draw_string_vec4
    %pushi/vec4 0, 0, 32; draw_string_vec4
    %concat/vec4; draw_string_vec4
    %pushi/vec4 0, 0, 32; draw_string_vec4
    %concat/vec4; draw_string_vec4
    %pushi/vec4 78, 0, 32; draw_string_vec4
    %concat/vec4; draw_string_vec4
    %pushi/vec4 1330913377, 0, 32; draw_string_vec4
    %concat/vec4; draw_string_vec4
    %store/vec4 v0x100d89730_0, 0, 256;
    %load/vec4 v0x94cc64c80_0;
    %store/vec4 v0x100d8fde0_0, 0, 4;
    %pushi/vec4 3, 0, 4;
    %store/vec4 v0x100d90370_0, 0, 4;
    %fork TD_tb_gates_step2.check4, S_0x100d88960;
    %join;
    %load/vec4 v0x94cc64a00_0;
    %cmpi/e 0, 0, 32;
    %jmp/0xz  T_1.0, 4;
    %vpi_call/w 3 59 "$display", "GATES_STEP2: ALL TESTS PASSED \342\234\205" {0 0 0};
    %jmp T_1.1;
T_1.0 ;
    %vpi_call/w 3 60 "$display", "GATES_STEP2: FAILED \342\235\214 errors=%0d", v0x94cc64a00_0 {0 0 0};
T_1.1 ;
    %delay 5000, 0;
    %vpi_call/w 3 62 "$finish" {0 0 0};
    %end;
    .thread T_1;
# The file index is used to find the file name in the following table.
:file_names 5;
    "N/A";
    "<interactive>";
    "-";
    "tests/tb_gates_step2.v";
    "verilog/gates_step2.v";
