#! /opt/homebrew/Cellar/icarus-verilog/12.0/bin/vvp
:ivl_version "12.0 (stable)";
:ivl_delay_selection "TYPICAL";
:vpi_time_precision - 12;
:vpi_module "/opt/homebrew/Cellar/icarus-verilog/12.0/lib/ivl/system.vpi";
:vpi_module "/opt/homebrew/Cellar/icarus-verilog/12.0/lib/ivl/vhdl_sys.vpi";
:vpi_module "/opt/homebrew/Cellar/icarus-verilog/12.0/lib/ivl/vhdl_textio.vpi";
:vpi_module "/opt/homebrew/Cellar/icarus-verilog/12.0/lib/ivl/v2005_math.vpi";
:vpi_module "/opt/homebrew/Cellar/icarus-verilog/12.0/lib/ivl/va_math.vpi";
:vpi_module "/opt/homebrew/Cellar/icarus-verilog/12.0/lib/ivl/v2009.vpi";
S_0x102e2ddd0 .scope package, "$unit" "$unit" 2 1;
 .timescale 0 0;
S_0x102e2cc40 .scope module, "tb_mul4" "tb_mul4" 3 3;
 .timescale -9 -12;
v0xba2c30140_0 .var "a", 3 0;
v0xba2c301e0_0 .var "b", 3 0;
v0xba2c30280_0 .var/i "errors", 31 0;
v0xba2c30320_0 .net "y_mul", 7 0, L_0x102e36aa0;  1 drivers
S_0x102e2cdc0 .scope task, "check" "check" 3 11, 3 11 0, S_0x102e2cc40;
 .timescale -9 -12;
v0x102e2df50_0 .var/s "exp", 31 0;
v0x102e35880_0 .var/s "got", 31 0;
v0x102e35920_0 .var "label", 255 0;
TD_tb_mul4.check ;
    %load/vec4 v0x102e35880_0;
    %load/vec4 v0x102e2df50_0;
    %cmp/ne;
    %jmp/0xz  T_0.0, 6;
    %vpi_call/w 3 17 "$display", "FAIL: %s | got=%d exp=%d", v0x102e35920_0, v0x102e35880_0, v0x102e2df50_0 {0 0 0};
    %load/vec4 v0xba2c30280_0;
    %addi 1, 0, 32;
    %store/vec4 v0xba2c30280_0, 0, 32;
    %jmp T_0.1;
T_0.0 ;
    %vpi_call/w 3 20 "$display", "PASS: %s", v0x102e35920_0 {0 0 0};
T_0.1 ;
    %end;
S_0x102e36600 .scope module, "mul4_dut" "mul4" 3 9, 4 4 0, S_0x102e2cc40;
 .timescale -9 -12;
    .port_info 0 /INPUT 4 "a";
    .port_info 1 /INPUT 4 "b";
    .port_info 2 /OUTPUT 8 "y";
v0x102e359c0_0 .net *"_ivl_0", 7 0, L_0x102e36960;  1 drivers
L_0xba3454010 .functor BUFT 1, C4<0000>, C4<0>, C4<0>, C4<0>;
v0x102e35a60_0 .net *"_ivl_3", 3 0, L_0xba3454010;  1 drivers
v0x102e36780_0 .net *"_ivl_4", 7 0, L_0x102e36a00;  1 drivers
L_0xba3454058 .functor BUFT 1, C4<0000>, C4<0>, C4<0>, C4<0>;
v0x102e36820_0 .net *"_ivl_7", 3 0, L_0xba3454058;  1 drivers
v0x102e368c0_0 .net "a", 3 0, v0xba2c30140_0;  1 drivers
v0xba2c30000_0 .net "b", 3 0, v0xba2c301e0_0;  1 drivers
v0xba2c300a0_0 .net "y", 7 0, L_0x102e36aa0;  alias, 1 drivers
L_0x102e36960 .concat [ 4 4 0 0], v0xba2c30140_0, L_0xba3454010;
L_0x102e36a00 .concat [ 4 4 0 0], v0xba2c301e0_0, L_0xba3454058;
L_0x102e36aa0 .arith/mult 8, L_0x102e36960, L_0x102e36a00;
    .scope S_0x102e2cc40;
T_1 ;
    %pushi/vec4 0, 0, 32;
    %store/vec4 v0xba2c30280_0, 0, 32;
    %vpi_call/w 3 27 "$dumpfile", "waves/mul4.vcd" {0 0 0};
    %vpi_call/w 3 28 "$dumpvars", 32'sb00000000000000000000000000000000, S_0x102e2cc40 {0 0 0};
    %pushi/vec4 5, 0, 4;
    %store/vec4 v0xba2c30140_0, 0, 4;
    %pushi/vec4 3, 0, 4;
    %store/vec4 v0xba2c301e0_0, 0, 4;
    %delay 5000, 0;
    %pushi/vec4 0, 0, 32; draw_string_vec4
    %pushi/vec4 0, 0, 32; draw_string_vec4
    %concat/vec4; draw_string_vec4
    %pushi/vec4 0, 0, 32; draw_string_vec4
    %concat/vec4; draw_string_vec4
    %pushi/vec4 0, 0, 32; draw_string_vec4
    %concat/vec4; draw_string_vec4
    %pushi/vec4 0, 0, 32; draw_string_vec4
    %concat/vec4; draw_string_vec4
    %pushi/vec4 0, 0, 32; draw_string_vec4
    %concat/vec4; draw_string_vec4
    %pushi/vec4 0, 0, 32; draw_string_vec4
    %concat/vec4; draw_string_vec4
    %pushi/vec4 5068108, 0, 32; draw_string_vec4
    %concat/vec4; draw_string_vec4
    %store/vec4 v0x102e35920_0, 0, 256;
    %load/vec4 v0xba2c30320_0;
    %pad/u 32;
    %store/vec4 v0x102e35880_0, 0, 32;
    %pushi/vec4 15, 0, 32;
    %store/vec4 v0x102e2df50_0, 0, 32;
    %fork TD_tb_mul4.check, S_0x102e2cdc0;
    %join;
    %pushi/vec4 9, 0, 4;
    %store/vec4 v0xba2c30140_0, 0, 4;
    %pushi/vec4 8, 0, 4;
    %store/vec4 v0xba2c301e0_0, 0, 4;
    %delay 5000, 0;
    %pushi/vec4 0, 0, 32; draw_string_vec4
    %pushi/vec4 0, 0, 32; draw_string_vec4
    %concat/vec4; draw_string_vec4
    %pushi/vec4 0, 0, 32; draw_string_vec4
    %concat/vec4; draw_string_vec4
    %pushi/vec4 0, 0, 32; draw_string_vec4
    %concat/vec4; draw_string_vec4
    %pushi/vec4 0, 0, 32; draw_string_vec4
    %concat/vec4; draw_string_vec4
    %pushi/vec4 0, 0, 32; draw_string_vec4
    %concat/vec4; draw_string_vec4
    %pushi/vec4 0, 0, 32; draw_string_vec4
    %concat/vec4; draw_string_vec4
    %pushi/vec4 5068108, 0, 32; draw_string_vec4
    %concat/vec4; draw_string_vec4
    %store/vec4 v0x102e35920_0, 0, 256;
    %load/vec4 v0xba2c30320_0;
    %pad/u 32;
    %store/vec4 v0x102e35880_0, 0, 32;
    %pushi/vec4 72, 0, 32;
    %store/vec4 v0x102e2df50_0, 0, 32;
    %fork TD_tb_mul4.check, S_0x102e2cdc0;
    %join;
    %load/vec4 v0xba2c30280_0;
    %cmpi/e 0, 0, 32;
    %jmp/0xz  T_1.0, 4;
    %vpi_call/w 3 34 "$display", "MUL4: ALL TESTS PASSED \342\234\205" {0 0 0};
    %jmp T_1.1;
T_1.0 ;
    %vpi_call/w 3 35 "$display", "MUL4: FAILED \342\235\214 errors=%0d", v0xba2c30280_0 {0 0 0};
T_1.1 ;
    %delay 5000, 0;
    %vpi_call/w 3 37 "$finish" {0 0 0};
    %end;
    .thread T_1;
# The file index is used to find the file name in the following table.
:file_names 5;
    "N/A";
    "<interactive>";
    "-";
    "tests/arithmetic/tb_mul4.v";
    "verilog/arithmetic/mul4.v";
