#! /opt/homebrew/Cellar/icarus-verilog/12.0/bin/vvp
:ivl_version "12.0 (stable)";
:ivl_delay_selection "TYPICAL";
:vpi_time_precision - 12;
:vpi_module "/opt/homebrew/Cellar/icarus-verilog/12.0/lib/ivl/system.vpi";
:vpi_module "/opt/homebrew/Cellar/icarus-verilog/12.0/lib/ivl/vhdl_sys.vpi";
:vpi_module "/opt/homebrew/Cellar/icarus-verilog/12.0/lib/ivl/vhdl_textio.vpi";
:vpi_module "/opt/homebrew/Cellar/icarus-verilog/12.0/lib/ivl/v2005_math.vpi";
:vpi_module "/opt/homebrew/Cellar/icarus-verilog/12.0/lib/ivl/va_math.vpi";
:vpi_module "/opt/homebrew/Cellar/icarus-verilog/12.0/lib/ivl/v2009.vpi";
S_0x10385fee0 .scope package, "$unit" "$unit" 2 1;
 .timescale 0 0;
S_0x103860060 .scope module, "and4" "and4" 3 4;
 .timescale -9 -12;
    .port_info 0 /INPUT 4 "a";
    .port_info 1 /INPUT 4 "b";
    .port_info 2 /OUTPUT 4 "y";
o0x9c9420010 .functor BUFZ 4, C4<zzzz>; HiZ drive
o0x9c9420040 .functor BUFZ 4, C4<zzzz>; HiZ drive
L_0x1038678f0 .functor AND 4, o0x9c9420010, o0x9c9420040, C4<1111>, C4<1111>;
v0x103867850_0 .net "a", 3 0, o0x9c9420010;  0 drivers
v0x103867530_0 .net "b", 3 0, o0x9c9420040;  0 drivers
v0x103867290_0 .net "y", 3 0, L_0x1038678f0;  1 drivers
S_0x1038607e0 .scope module, "nor4" "nor4" 3 31;
 .timescale -9 -12;
    .port_info 0 /INPUT 4 "a";
    .port_info 1 /INPUT 4 "b";
    .port_info 2 /OUTPUT 4 "y";
o0x9c9420160 .functor BUFZ 4, C4<zzzz>; HiZ drive
o0x9c9420190 .functor BUFZ 4, C4<zzzz>; HiZ drive
L_0x103868560 .functor OR 4, o0x9c9420160, o0x9c9420190, C4<0000>, C4<0000>;
L_0x1038685d0 .functor NOT 4, L_0x103868560, C4<0000>, C4<0000>, C4<0000>;
v0x103866cd0_0 .net *"_ivl_0", 3 0, L_0x103868560;  1 drivers
v0x103861110_0 .net "a", 3 0, o0x9c9420160;  0 drivers
v0x9c8c4c000_0 .net "b", 3 0, o0x9c9420190;  0 drivers
v0x9c8c4c0a0_0 .net "y", 3 0, L_0x1038685d0;  1 drivers
S_0x103860960 .scope module, "not4" "not4" 3 58;
 .timescale -9 -12;
    .port_info 0 /INPUT 4 "a";
    .port_info 1 /OUTPUT 4 "y";
o0x9c9420280 .functor BUFZ 4, C4<zzzz>; HiZ drive
L_0x103861330 .functor NOT 4, o0x9c9420280, C4<0000>, C4<0000>, C4<0000>;
v0x9c8c4c140_0 .net "a", 3 0, o0x9c9420280;  0 drivers
v0x9c8c4c1e0_0 .net "y", 3 0, L_0x103861330;  1 drivers
S_0x103861820 .scope module, "or4" "or4" 3 22;
 .timescale -9 -12;
    .port_info 0 /INPUT 4 "a";
    .port_info 1 /INPUT 4 "b";
    .port_info 2 /OUTPUT 4 "y";
o0x9c9420340 .functor BUFZ 4, C4<zzzz>; HiZ drive
o0x9c9420370 .functor BUFZ 4, C4<zzzz>; HiZ drive
L_0x1038613a0 .functor OR 4, o0x9c9420340, o0x9c9420370, C4<0000>, C4<0000>;
v0x9c8c4c280_0 .net "a", 3 0, o0x9c9420340;  0 drivers
v0x9c8c4c320_0 .net "b", 3 0, o0x9c9420370;  0 drivers
v0x9c8c4c3c0_0 .net "y", 3 0, L_0x1038613a0;  1 drivers
S_0x1038619a0 .scope module, "tb_nand4" "tb_nand4" 4 3;
 .timescale -9 -12;
v0x9c8c4c8c0_0 .var "a", 3 0;
v0x9c8c4c960_0 .var "b", 3 0;
v0x9c8c4ca00_0 .var/i "errors", 31 0;
v0x9c8c4caa0_0 .net "y", 3 0, L_0x10385f490;  1 drivers
S_0x1038611b0 .scope task, "check4" "check4" 4 12, 4 12 0, S_0x1038619a0;
 .timescale -9 -12;
v0x9c8c4c460_0 .var "exp", 3 0;
v0x9c8c4c500_0 .var "got", 3 0;
v0x9c8c4c5a0_0 .var "label", 255 0;
TD_tb_nand4.check4 ;
    %load/vec4 v0x9c8c4c500_0;
    %load/vec4 v0x9c8c4c460_0;
    %cmp/ne;
    %jmp/0xz  T_0.0, 6;
    %vpi_call/w 4 18 "$display", "FAIL: %s | got=%b exp=%b", v0x9c8c4c5a0_0, v0x9c8c4c500_0, v0x9c8c4c460_0 {0 0 0};
    %load/vec4 v0x9c8c4ca00_0;
    %addi 1, 0, 32;
    %store/vec4 v0x9c8c4ca00_0, 0, 32;
    %jmp T_0.1;
T_0.0 ;
    %vpi_call/w 4 21 "$display", "PASS: %s", v0x9c8c4c5a0_0 {0 0 0};
T_0.1 ;
    %end;
S_0x10385f310 .scope module, "dut" "nand4" 4 10, 3 13 0, S_0x1038619a0;
 .timescale -9 -12;
    .port_info 0 /INPUT 4 "a";
    .port_info 1 /INPUT 4 "b";
    .port_info 2 /OUTPUT 4 "y";
L_0x103861410 .functor AND 4, v0x9c8c4c8c0_0, v0x9c8c4c960_0, C4<1111>, C4<1111>;
L_0x10385f490 .functor NOT 4, L_0x103861410, C4<0000>, C4<0000>, C4<0000>;
v0x9c8c4c640_0 .net *"_ivl_0", 3 0, L_0x103861410;  1 drivers
v0x9c8c4c6e0_0 .net "a", 3 0, v0x9c8c4c8c0_0;  1 drivers
v0x9c8c4c780_0 .net "b", 3 0, v0x9c8c4c960_0;  1 drivers
v0x9c8c4c820_0 .net "y", 3 0, L_0x10385f490;  alias, 1 drivers
S_0x10385e500 .scope module, "xnor4" "xnor4" 3 49;
 .timescale -9 -12;
    .port_info 0 /INPUT 4 "a";
    .port_info 1 /INPUT 4 "b";
    .port_info 2 /OUTPUT 4 "y";
o0x9c94206a0 .functor BUFZ 4, C4<zzzz>; HiZ drive
o0x9c94206d0 .functor BUFZ 4, C4<zzzz>; HiZ drive
L_0x10385f500 .functor XOR 4, o0x9c94206a0, o0x9c94206d0, C4<0000>, C4<0000>;
L_0x10385f570 .functor NOT 4, L_0x10385f500, C4<0000>, C4<0000>, C4<0000>;
v0x9c8c4cb40_0 .net *"_ivl_0", 3 0, L_0x10385f500;  1 drivers
v0x9c8c4cbe0_0 .net "a", 3 0, o0x9c94206a0;  0 drivers
v0x9c8c4cc80_0 .net "b", 3 0, o0x9c94206d0;  0 drivers
v0x9c8c4cd20_0 .net "y", 3 0, L_0x10385f570;  1 drivers
S_0x10385e680 .scope module, "xor4" "xor4" 3 40;
 .timescale -9 -12;
    .port_info 0 /INPUT 4 "a";
    .port_info 1 /INPUT 4 "b";
    .port_info 2 /OUTPUT 4 "y";
o0x9c94207c0 .functor BUFZ 4, C4<zzzz>; HiZ drive
o0x9c94207f0 .functor BUFZ 4, C4<zzzz>; HiZ drive
L_0x10385f5e0 .functor XOR 4, o0x9c94207c0, o0x9c94207f0, C4<0000>, C4<0000>;
v0x9c8c4cdc0_0 .net "a", 3 0, o0x9c94207c0;  0 drivers
v0x9c8c4ce60_0 .net "b", 3 0, o0x9c94207f0;  0 drivers
v0x9c8c4cf00_0 .net "y", 3 0, L_0x10385f5e0;  1 drivers
    .scope S_0x1038619a0;
T_1 ;
    %pushi/vec4 0, 0, 32;
    %store/vec4 v0x9c8c4ca00_0, 0, 32;
    %vpi_call/w 4 28 "$dumpfile", "waves/nand4.vcd" {0 0 0};
    %vpi_call/w 4 29 "$dumpvars", 32'sb00000000000000000000000000000000, S_0x1038619a0 {0 0 0};
    %pushi/vec4 5, 0, 4;
    %store/vec4 v0x9c8c4c8c0_0, 0, 4;
    %pushi/vec4 10, 0, 4;
    %store/vec4 v0x9c8c4c960_0, 0, 4;
    %delay 5000, 0;
    %pushi/vec4 0, 0, 32; draw_string_vec4
    %pushi/vec4 0, 0, 32; draw_string_vec4
    %concat/vec4; draw_string_vec4
    %pushi/vec4 0, 0, 32; draw_string_vec4
    %concat/vec4; draw_string_vec4
    %pushi/vec4 0, 0, 32; draw_string_vec4
    %concat/vec4; draw_string_vec4
    %pushi/vec4 12337, 0, 32; draw_string_vec4
    %concat/vec4; draw_string_vec4
    %pushi/vec4 808525902, 0, 32; draw_string_vec4
    %concat/vec4; draw_string_vec4
    %pushi/vec4 1095648288, 0, 32; draw_string_vec4
    %concat/vec4; draw_string_vec4
    %pushi/vec4 825241904, 0, 32; draw_string_vec4
    %concat/vec4; draw_string_vec4
    %store/vec4 v0x9c8c4c5a0_0, 0, 256;
    %load/vec4 v0x9c8c4caa0_0;
    %store/vec4 v0x9c8c4c500_0, 0, 4;
    %pushi/vec4 15, 0, 4;
    %store/vec4 v0x9c8c4c460_0, 0, 4;
    %fork TD_tb_nand4.check4, S_0x1038611b0;
    %join;
    %pushi/vec4 12, 0, 4;
    %store/vec4 v0x9c8c4c8c0_0, 0, 4;
    %pushi/vec4 9, 0, 4;
    %store/vec4 v0x9c8c4c960_0, 0, 4;
    %delay 5000, 0;
    %pushi/vec4 0, 0, 32; draw_string_vec4
    %pushi/vec4 0, 0, 32; draw_string_vec4
    %concat/vec4; draw_string_vec4
    %pushi/vec4 0, 0, 32; draw_string_vec4
    %concat/vec4; draw_string_vec4
    %pushi/vec4 0, 0, 32; draw_string_vec4
    %concat/vec4; draw_string_vec4
    %pushi/vec4 12593, 0, 32; draw_string_vec4
    %concat/vec4; draw_string_vec4
    %pushi/vec4 808460366, 0, 32; draw_string_vec4
    %concat/vec4; draw_string_vec4
    %pushi/vec4 1095648288, 0, 32; draw_string_vec4
    %concat/vec4; draw_string_vec4
    %pushi/vec4 825241649, 0, 32; draw_string_vec4
    %concat/vec4; draw_string_vec4
    %store/vec4 v0x9c8c4c5a0_0, 0, 256;
    %load/vec4 v0x9c8c4caa0_0;
    %store/vec4 v0x9c8c4c500_0, 0, 4;
    %pushi/vec4 7, 0, 4;
    %store/vec4 v0x9c8c4c460_0, 0, 4;
    %fork TD_tb_nand4.check4, S_0x1038611b0;
    %join;
    %pushi/vec4 15, 0, 4;
    %store/vec4 v0x9c8c4c8c0_0, 0, 4;
    %pushi/vec4 15, 0, 4;
    %store/vec4 v0x9c8c4c960_0, 0, 4;
    %delay 5000, 0;
    %pushi/vec4 0, 0, 32; draw_string_vec4
    %pushi/vec4 0, 0, 32; draw_string_vec4
    %concat/vec4; draw_string_vec4
    %pushi/vec4 0, 0, 32; draw_string_vec4
    %concat/vec4; draw_string_vec4
    %pushi/vec4 0, 0, 32; draw_string_vec4
    %concat/vec4; draw_string_vec4
    %pushi/vec4 12593, 0, 32; draw_string_vec4
    %concat/vec4; draw_string_vec4
    %pushi/vec4 825303118, 0, 32; draw_string_vec4
    %concat/vec4; draw_string_vec4
    %pushi/vec4 1095648288, 0, 32; draw_string_vec4
    %concat/vec4; draw_string_vec4
    %pushi/vec4 825307441, 0, 32; draw_string_vec4
    %concat/vec4; draw_string_vec4
    %store/vec4 v0x9c8c4c5a0_0, 0, 256;
    %load/vec4 v0x9c8c4caa0_0;
    %store/vec4 v0x9c8c4c500_0, 0, 4;
    %pushi/vec4 0, 0, 4;
    %store/vec4 v0x9c8c4c460_0, 0, 4;
    %fork TD_tb_nand4.check4, S_0x1038611b0;
    %join;
    %pushi/vec4 0, 0, 4;
    %store/vec4 v0x9c8c4c8c0_0, 0, 4;
    %pushi/vec4 15, 0, 4;
    %store/vec4 v0x9c8c4c960_0, 0, 4;
    %delay 5000, 0;
    %pushi/vec4 0, 0, 32; draw_string_vec4
    %pushi/vec4 0, 0, 32; draw_string_vec4
    %concat/vec4; draw_string_vec4
    %pushi/vec4 0, 0, 32; draw_string_vec4
    %concat/vec4; draw_string_vec4
    %pushi/vec4 0, 0, 32; draw_string_vec4
    %concat/vec4; draw_string_vec4
    %pushi/vec4 12336, 0, 32; draw_string_vec4
    %concat/vec4; draw_string_vec4
    %pushi/vec4 808460366, 0, 32; draw_string_vec4
    %concat/vec4; draw_string_vec4
    %pushi/vec4 1095648288, 0, 32; draw_string_vec4
    %concat/vec4; draw_string_vec4
    %pushi/vec4 825307441, 0, 32; draw_string_vec4
    %concat/vec4; draw_string_vec4
    %store/vec4 v0x9c8c4c5a0_0, 0, 256;
    %load/vec4 v0x9c8c4caa0_0;
    %store/vec4 v0x9c8c4c500_0, 0, 4;
    %pushi/vec4 15, 0, 4;
    %store/vec4 v0x9c8c4c460_0, 0, 4;
    %fork TD_tb_nand4.check4, S_0x1038611b0;
    %join;
    %load/vec4 v0x9c8c4ca00_0;
    %cmpi/e 0, 0, 32;
    %jmp/0xz  T_1.0, 4;
    %vpi_call/w 4 36 "$display", "NAND4: ALL TESTS PASSED \342\234\205" {0 0 0};
    %jmp T_1.1;
T_1.0 ;
    %vpi_call/w 4 37 "$display", "NAND4: FAILED \342\235\214 errors=%0d", v0x9c8c4ca00_0 {0 0 0};
T_1.1 ;
    %delay 5000, 0;
    %vpi_call/w 4 39 "$finish" {0 0 0};
    %end;
    .thread T_1;
# The file index is used to find the file name in the following table.
:file_names 5;
    "N/A";
    "<interactive>";
    "-";
    "verilog/gates_step2.v";
    "tests/tb_nand4.v";
