#! /opt/homebrew/Cellar/icarus-verilog/12.0/bin/vvp
:ivl_version "12.0 (stable)";
:ivl_delay_selection "TYPICAL";
:vpi_time_precision - 12;
:vpi_module "/opt/homebrew/Cellar/icarus-verilog/12.0/lib/ivl/system.vpi";
:vpi_module "/opt/homebrew/Cellar/icarus-verilog/12.0/lib/ivl/vhdl_sys.vpi";
:vpi_module "/opt/homebrew/Cellar/icarus-verilog/12.0/lib/ivl/vhdl_textio.vpi";
:vpi_module "/opt/homebrew/Cellar/icarus-verilog/12.0/lib/ivl/v2005_math.vpi";
:vpi_module "/opt/homebrew/Cellar/icarus-verilog/12.0/lib/ivl/va_math.vpi";
:vpi_module "/opt/homebrew/Cellar/icarus-verilog/12.0/lib/ivl/v2009.vpi";
S_0x1051376a0 .scope package, "$unit" "$unit" 2 1;
 .timescale 0 0;
S_0x105137820 .scope module, "and4" "and4" 3 4;
 .timescale -9 -12;
    .port_info 0 /INPUT 4 "a";
    .port_info 1 /INPUT 4 "b";
    .port_info 2 /OUTPUT 4 "y";
o0xbd5c00010 .functor BUFZ 4, C4<zzzz>; HiZ drive
o0xbd5c00040 .functor BUFZ 4, C4<zzzz>; HiZ drive
L_0x10513ea90 .functor AND 4, o0xbd5c00010, o0xbd5c00040, C4<1111>, C4<1111>;
v0x10513f710_0 .net "a", 3 0, o0xbd5c00010;  0 drivers
v0x10513e9f0_0 .net "b", 3 0, o0xbd5c00040;  0 drivers
v0x10513e6d0_0 .net "y", 3 0, L_0x10513ea90;  1 drivers
S_0x105138280 .scope module, "nand4" "nand4" 3 13;
 .timescale -9 -12;
    .port_info 0 /INPUT 4 "a";
    .port_info 1 /INPUT 4 "b";
    .port_info 2 /OUTPUT 4 "y";
o0xbd5c00160 .functor BUFZ 4, C4<zzzz>; HiZ drive
o0xbd5c00190 .functor BUFZ 4, C4<zzzz>; HiZ drive
L_0x10513f7b0 .functor AND 4, o0xbd5c00160, o0xbd5c00190, C4<1111>, C4<1111>;
L_0x105135d30 .functor NOT 4, L_0x10513f7b0, C4<0000>, C4<0000>, C4<0000>;
v0xbd4810000_0 .net *"_ivl_0", 3 0, L_0x10513f7b0;  1 drivers
v0xbd48100a0_0 .net "a", 3 0, o0xbd5c00160;  0 drivers
v0xbd4810140_0 .net "b", 3 0, o0xbd5c00190;  0 drivers
v0xbd48101e0_0 .net "y", 3 0, L_0x105135d30;  1 drivers
S_0x105138400 .scope module, "not4" "not4" 3 58;
 .timescale -9 -12;
    .port_info 0 /INPUT 4 "a";
    .port_info 1 /OUTPUT 4 "y";
o0xbd5c00280 .functor BUFZ 4, C4<zzzz>; HiZ drive
L_0x105139720 .functor NOT 4, o0xbd5c00280, C4<0000>, C4<0000>, C4<0000>;
v0xbd4810280_0 .net "a", 3 0, o0xbd5c00280;  0 drivers
v0xbd4810320_0 .net "y", 3 0, L_0x105139720;  1 drivers
S_0x105139420 .scope module, "or4" "or4" 3 22;
 .timescale -9 -12;
    .port_info 0 /INPUT 4 "a";
    .port_info 1 /INPUT 4 "b";
    .port_info 2 /OUTPUT 4 "y";
o0xbd5c00340 .functor BUFZ 4, C4<zzzz>; HiZ drive
o0xbd5c00370 .functor BUFZ 4, C4<zzzz>; HiZ drive
L_0x105138580 .functor OR 4, o0xbd5c00340, o0xbd5c00370, C4<0000>, C4<0000>;
v0xbd48103c0_0 .net "a", 3 0, o0xbd5c00340;  0 drivers
v0xbd4810460_0 .net "b", 3 0, o0xbd5c00370;  0 drivers
v0xbd4810500_0 .net "y", 3 0, L_0x105138580;  1 drivers
S_0x1051395a0 .scope module, "tb_nor4" "tb_nor4" 4 3;
 .timescale -9 -12;
v0xbd4810a00_0 .var "a", 3 0;
v0xbd4810aa0_0 .var "b", 3 0;
v0xbd4810b40_0 .var/i "errors", 31 0;
v0xbd4810be0_0 .net "y", 3 0, L_0x10513e460;  1 drivers
S_0x105138cc0 .scope task, "check4" "check4" 4 12, 4 12 0, S_0x1051395a0;
 .timescale -9 -12;
v0xbd48105a0_0 .var "exp", 3 0;
v0xbd4810640_0 .var "got", 3 0;
v0xbd48106e0_0 .var "label", 255 0;
TD_tb_nor4.check4 ;
    %load/vec4 v0xbd4810640_0;
    %load/vec4 v0xbd48105a0_0;
    %cmp/ne;
    %jmp/0xz  T_0.0, 6;
    %vpi_call/w 4 18 "$display", "FAIL: %s | got=%b exp=%b", v0xbd48106e0_0, v0xbd4810640_0, v0xbd48105a0_0 {0 0 0};
    %load/vec4 v0xbd4810b40_0;
    %addi 1, 0, 32;
    %store/vec4 v0xbd4810b40_0, 0, 32;
    %jmp T_0.1;
T_0.0 ;
    %vpi_call/w 4 21 "$display", "PASS: %s", v0xbd48106e0_0 {0 0 0};
T_0.1 ;
    %end;
S_0x105138e40 .scope module, "dut" "nor4" 4 10, 3 31 0, S_0x1051395a0;
 .timescale -9 -12;
    .port_info 0 /INPUT 4 "a";
    .port_info 1 /INPUT 4 "b";
    .port_info 2 /OUTPUT 4 "y";
L_0x1051379a0 .functor OR 4, v0xbd4810a00_0, v0xbd4810aa0_0, C4<0000>, C4<0000>;
L_0x10513e460 .functor NOT 4, L_0x1051379a0, C4<0000>, C4<0000>, C4<0000>;
v0xbd4810780_0 .net *"_ivl_0", 3 0, L_0x1051379a0;  1 drivers
v0xbd4810820_0 .net "a", 3 0, v0xbd4810a00_0;  1 drivers
v0xbd48108c0_0 .net "b", 3 0, v0xbd4810aa0_0;  1 drivers
v0xbd4810960_0 .net "y", 3 0, L_0x10513e460;  alias, 1 drivers
S_0x105135a30 .scope module, "xnor4" "xnor4" 3 49;
 .timescale -9 -12;
    .port_info 0 /INPUT 4 "a";
    .port_info 1 /INPUT 4 "b";
    .port_info 2 /OUTPUT 4 "y";
o0xbd5c006a0 .functor BUFZ 4, C4<zzzz>; HiZ drive
o0xbd5c006d0 .functor BUFZ 4, C4<zzzz>; HiZ drive
L_0x10513e4d0 .functor XOR 4, o0xbd5c006a0, o0xbd5c006d0, C4<0000>, C4<0000>;
L_0x10513ded0 .functor NOT 4, L_0x10513e4d0, C4<0000>, C4<0000>, C4<0000>;
v0xbd4810c80_0 .net *"_ivl_0", 3 0, L_0x10513e4d0;  1 drivers
v0xbd4810d20_0 .net "a", 3 0, o0xbd5c006a0;  0 drivers
v0xbd4810dc0_0 .net "b", 3 0, o0xbd5c006d0;  0 drivers
v0xbd4810e60_0 .net "y", 3 0, L_0x10513ded0;  1 drivers
S_0x105135bb0 .scope module, "xor4" "xor4" 3 40;
 .timescale -9 -12;
    .port_info 0 /INPUT 4 "a";
    .port_info 1 /INPUT 4 "b";
    .port_info 2 /OUTPUT 4 "y";
o0xbd5c007c0 .functor BUFZ 4, C4<zzzz>; HiZ drive
o0xbd5c007f0 .functor BUFZ 4, C4<zzzz>; HiZ drive
L_0x10513df40 .functor XOR 4, o0xbd5c007c0, o0xbd5c007f0, C4<0000>, C4<0000>;
v0xbd4810f00_0 .net "a", 3 0, o0xbd5c007c0;  0 drivers
v0xbd4810fa0_0 .net "b", 3 0, o0xbd5c007f0;  0 drivers
v0xbd4811040_0 .net "y", 3 0, L_0x10513df40;  1 drivers
    .scope S_0x1051395a0;
T_1 ;
    %pushi/vec4 0, 0, 32;
    %store/vec4 v0xbd4810b40_0, 0, 32;
    %vpi_call/w 4 28 "$dumpfile", "waves/nor4.vcd" {0 0 0};
    %vpi_call/w 4 29 "$dumpvars", 32'sb00000000000000000000000000000000, S_0x1051395a0 {0 0 0};
    %pushi/vec4 5, 0, 4;
    %store/vec4 v0xbd4810a00_0, 0, 4;
    %pushi/vec4 10, 0, 4;
    %store/vec4 v0xbd4810aa0_0, 0, 4;
    %delay 5000, 0;
    %pushi/vec4 0, 0, 32; draw_string_vec4
    %pushi/vec4 0, 0, 32; draw_string_vec4
    %concat/vec4; draw_string_vec4
    %pushi/vec4 0, 0, 32; draw_string_vec4
    %concat/vec4; draw_string_vec4
    %pushi/vec4 0, 0, 32; draw_string_vec4
    %concat/vec4; draw_string_vec4
    %pushi/vec4 48, 0, 32; draw_string_vec4
    %concat/vec4; draw_string_vec4
    %pushi/vec4 825241888, 0, 32; draw_string_vec4
    %concat/vec4; draw_string_vec4
    %pushi/vec4 1313821216, 0, 32; draw_string_vec4
    %concat/vec4; draw_string_vec4
    %pushi/vec4 825241904, 0, 32; draw_string_vec4
    %concat/vec4; draw_string_vec4
    %store/vec4 v0xbd48106e0_0, 0, 256;
    %load/vec4 v0xbd4810be0_0;
    %store/vec4 v0xbd4810640_0, 0, 4;
    %pushi/vec4 0, 0, 4;
    %store/vec4 v0xbd48105a0_0, 0, 4;
    %fork TD_tb_nor4.check4, S_0x105138cc0;
    %join;
    %pushi/vec4 12, 0, 4;
    %store/vec4 v0xbd4810a00_0, 0, 4;
    %pushi/vec4 9, 0, 4;
    %store/vec4 v0xbd4810aa0_0, 0, 4;
    %delay 5000, 0;
    %pushi/vec4 0, 0, 32; draw_string_vec4
    %pushi/vec4 0, 0, 32; draw_string_vec4
    %concat/vec4; draw_string_vec4
    %pushi/vec4 0, 0, 32; draw_string_vec4
    %concat/vec4; draw_string_vec4
    %pushi/vec4 0, 0, 32; draw_string_vec4
    %concat/vec4; draw_string_vec4
    %pushi/vec4 49, 0, 32; draw_string_vec4
    %concat/vec4; draw_string_vec4
    %pushi/vec4 825241632, 0, 32; draw_string_vec4
    %concat/vec4; draw_string_vec4
    %pushi/vec4 1313821216, 0, 32; draw_string_vec4
    %concat/vec4; draw_string_vec4
    %pushi/vec4 825241649, 0, 32; draw_string_vec4
    %concat/vec4; draw_string_vec4
    %store/vec4 v0xbd48106e0_0, 0, 256;
    %load/vec4 v0xbd4810be0_0;
    %store/vec4 v0xbd4810640_0, 0, 4;
    %pushi/vec4 2, 0, 4;
    %store/vec4 v0xbd48105a0_0, 0, 4;
    %fork TD_tb_nor4.check4, S_0x105138cc0;
    %join;
    %pushi/vec4 15, 0, 4;
    %store/vec4 v0xbd4810a00_0, 0, 4;
    %pushi/vec4 0, 0, 4;
    %store/vec4 v0xbd4810aa0_0, 0, 4;
    %delay 5000, 0;
    %pushi/vec4 0, 0, 32; draw_string_vec4
    %pushi/vec4 0, 0, 32; draw_string_vec4
    %concat/vec4; draw_string_vec4
    %pushi/vec4 0, 0, 32; draw_string_vec4
    %concat/vec4; draw_string_vec4
    %pushi/vec4 0, 0, 32; draw_string_vec4
    %concat/vec4; draw_string_vec4
    %pushi/vec4 49, 0, 32; draw_string_vec4
    %concat/vec4; draw_string_vec4
    %pushi/vec4 825307424, 0, 32; draw_string_vec4
    %concat/vec4; draw_string_vec4
    %pushi/vec4 1313821216, 0, 32; draw_string_vec4
    %concat/vec4; draw_string_vec4
    %pushi/vec4 808464432, 0, 32; draw_string_vec4
    %concat/vec4; draw_string_vec4
    %store/vec4 v0xbd48106e0_0, 0, 256;
    %load/vec4 v0xbd4810be0_0;
    %store/vec4 v0xbd4810640_0, 0, 4;
    %pushi/vec4 0, 0, 4;
    %store/vec4 v0xbd48105a0_0, 0, 4;
    %fork TD_tb_nor4.check4, S_0x105138cc0;
    %join;
    %pushi/vec4 0, 0, 4;
    %store/vec4 v0xbd4810a00_0, 0, 4;
    %pushi/vec4 0, 0, 4;
    %store/vec4 v0xbd4810aa0_0, 0, 4;
    %delay 5000, 0;
    %pushi/vec4 0, 0, 32; draw_string_vec4
    %pushi/vec4 0, 0, 32; draw_string_vec4
    %concat/vec4; draw_string_vec4
    %pushi/vec4 0, 0, 32; draw_string_vec4
    %concat/vec4; draw_string_vec4
    %pushi/vec4 0, 0, 32; draw_string_vec4
    %concat/vec4; draw_string_vec4
    %pushi/vec4 48, 0, 32; draw_string_vec4
    %concat/vec4; draw_string_vec4
    %pushi/vec4 808464416, 0, 32; draw_string_vec4
    %concat/vec4; draw_string_vec4
    %pushi/vec4 1313821216, 0, 32; draw_string_vec4
    %concat/vec4; draw_string_vec4
    %pushi/vec4 808464432, 0, 32; draw_string_vec4
    %concat/vec4; draw_string_vec4
    %store/vec4 v0xbd48106e0_0, 0, 256;
    %load/vec4 v0xbd4810be0_0;
    %store/vec4 v0xbd4810640_0, 0, 4;
    %pushi/vec4 15, 0, 4;
    %store/vec4 v0xbd48105a0_0, 0, 4;
    %fork TD_tb_nor4.check4, S_0x105138cc0;
    %join;
    %load/vec4 v0xbd4810b40_0;
    %cmpi/e 0, 0, 32;
    %jmp/0xz  T_1.0, 4;
    %vpi_call/w 4 36 "$display", "NOR4: ALL TESTS PASSED \342\234\205" {0 0 0};
    %jmp T_1.1;
T_1.0 ;
    %vpi_call/w 4 37 "$display", "NOR4: FAILED \342\235\214 errors=%0d", v0xbd4810b40_0 {0 0 0};
T_1.1 ;
    %delay 5000, 0;
    %vpi_call/w 4 39 "$finish" {0 0 0};
    %end;
    .thread T_1;
# The file index is used to find the file name in the following table.
:file_names 5;
    "N/A";
    "<interactive>";
    "-";
    "verilog/gates_step2.v";
    "tests/tb_nor4.v";
