#! /opt/homebrew/Cellar/icarus-verilog/12.0/bin/vvp
:ivl_version "12.0 (stable)";
:ivl_delay_selection "TYPICAL";
:vpi_time_precision - 12;
:vpi_module "/opt/homebrew/Cellar/icarus-verilog/12.0/lib/ivl/system.vpi";
:vpi_module "/opt/homebrew/Cellar/icarus-verilog/12.0/lib/ivl/vhdl_sys.vpi";
:vpi_module "/opt/homebrew/Cellar/icarus-verilog/12.0/lib/ivl/vhdl_textio.vpi";
:vpi_module "/opt/homebrew/Cellar/icarus-verilog/12.0/lib/ivl/v2005_math.vpi";
:vpi_module "/opt/homebrew/Cellar/icarus-verilog/12.0/lib/ivl/va_math.vpi";
:vpi_module "/opt/homebrew/Cellar/icarus-verilog/12.0/lib/ivl/v2009.vpi";
S_0x1017845d0 .scope package, "$unit" "$unit" 2 1;
 .timescale 0 0;
S_0x101784750 .scope module, "and4" "and4" 3 4;
 .timescale -9 -12;
    .port_info 0 /INPUT 4 "a";
    .port_info 1 /INPUT 4 "b";
    .port_info 2 /OUTPUT 4 "y";
o0x737420010 .functor BUFZ 4, C4<zzzz>; HiZ drive
o0x737420040 .functor BUFZ 4, C4<zzzz>; HiZ drive
L_0x737050000 .functor AND 4, o0x737420010, o0x737420040, C4<1111>, C4<1111>;
v0x10178c4a0_0 .net "a", 3 0, o0x737420010;  0 drivers
v0x10178b910_0 .net "b", 3 0, o0x737420040;  0 drivers
v0x10178b5f0_0 .net "y", 3 0, L_0x737050000;  1 drivers
S_0x101784f20 .scope module, "nand4" "nand4" 3 13;
 .timescale -9 -12;
    .port_info 0 /INPUT 4 "a";
    .port_info 1 /INPUT 4 "b";
    .port_info 2 /OUTPUT 4 "y";
o0x737420160 .functor BUFZ 4, C4<zzzz>; HiZ drive
o0x737420190 .functor BUFZ 4, C4<zzzz>; HiZ drive
L_0x737050070 .functor AND 4, o0x737420160, o0x737420190, C4<1111>, C4<1111>;
L_0x7370500e0 .functor NOT 4, L_0x737050070, C4<0000>, C4<0000>, C4<0000>;
v0x10178b080_0 .net *"_ivl_0", 3 0, L_0x737050070;  1 drivers
v0x10178aaf0_0 .net "a", 3 0, o0x737420160;  0 drivers
v0x736c54000_0 .net "b", 3 0, o0x737420190;  0 drivers
v0x736c540a0_0 .net "y", 3 0, L_0x7370500e0;  1 drivers
S_0x1017850a0 .scope module, "nor4" "nor4" 3 31;
 .timescale -9 -12;
    .port_info 0 /INPUT 4 "a";
    .port_info 1 /INPUT 4 "b";
    .port_info 2 /OUTPUT 4 "y";
o0x7374202b0 .functor BUFZ 4, C4<zzzz>; HiZ drive
o0x7374202e0 .functor BUFZ 4, C4<zzzz>; HiZ drive
L_0x737050150 .functor OR 4, o0x7374202b0, o0x7374202e0, C4<0000>, C4<0000>;
L_0x7370501c0 .functor NOT 4, L_0x737050150, C4<0000>, C4<0000>, C4<0000>;
v0x736c54140_0 .net *"_ivl_0", 3 0, L_0x737050150;  1 drivers
v0x736c541e0_0 .net "a", 3 0, o0x7374202b0;  0 drivers
v0x736c54280_0 .net "b", 3 0, o0x7374202e0;  0 drivers
v0x736c54320_0 .net "y", 3 0, L_0x7370501c0;  1 drivers
S_0x101785f40 .scope module, "or4" "or4" 3 22;
 .timescale -9 -12;
    .port_info 0 /INPUT 4 "a";
    .port_info 1 /INPUT 4 "b";
    .port_info 2 /OUTPUT 4 "y";
o0x7374203d0 .functor BUFZ 4, C4<zzzz>; HiZ drive
o0x737420400 .functor BUFZ 4, C4<zzzz>; HiZ drive
L_0x737050230 .functor OR 4, o0x7374203d0, o0x737420400, C4<0000>, C4<0000>;
v0x736c543c0_0 .net "a", 3 0, o0x7374203d0;  0 drivers
v0x736c54460_0 .net "b", 3 0, o0x737420400;  0 drivers
v0x736c54500_0 .net "y", 3 0, L_0x737050230;  1 drivers
S_0x1017860c0 .scope module, "tb_not4" "tb_not4" 4 3;
 .timescale -9 -12;
v0x736c548c0_0 .var "a", 3 0;
v0x736c54960_0 .var/i "errors", 31 0;
v0x736c54a00_0 .net "y", 3 0, L_0x7370502a0;  1 drivers
S_0x101785850 .scope task, "check4" "check4" 4 12, 4 12 0, S_0x1017860c0;
 .timescale -9 -12;
v0x736c545a0_0 .var "exp", 3 0;
v0x736c54640_0 .var "got", 3 0;
v0x736c546e0_0 .var "label", 255 0;
TD_tb_not4.check4 ;
    %load/vec4 v0x736c54640_0;
    %load/vec4 v0x736c545a0_0;
    %cmp/ne;
    %jmp/0xz  T_0.0, 6;
    %vpi_call/w 4 18 "$display", "FAIL: %s | got=%b exp=%b", v0x736c546e0_0, v0x736c54640_0, v0x736c545a0_0 {0 0 0};
    %load/vec4 v0x736c54960_0;
    %addi 1, 0, 32;
    %store/vec4 v0x736c54960_0, 0, 32;
    %jmp T_0.1;
T_0.0 ;
    %vpi_call/w 4 21 "$display", "PASS: %s", v0x736c546e0_0 {0 0 0};
T_0.1 ;
    %end;
S_0x1017859d0 .scope module, "dut" "not4" 4 10, 3 58 0, S_0x1017860c0;
 .timescale -9 -12;
    .port_info 0 /INPUT 4 "a";
    .port_info 1 /OUTPUT 4 "y";
L_0x7370502a0 .functor NOT 4, v0x736c548c0_0, C4<0000>, C4<0000>, C4<0000>;
v0x736c54780_0 .net "a", 3 0, v0x736c548c0_0;  1 drivers
v0x736c54820_0 .net "y", 3 0, L_0x7370502a0;  alias, 1 drivers
S_0x101782c80 .scope module, "xnor4" "xnor4" 3 49;
 .timescale -9 -12;
    .port_info 0 /INPUT 4 "a";
    .port_info 1 /INPUT 4 "b";
    .port_info 2 /OUTPUT 4 "y";
o0x7374206a0 .functor BUFZ 4, C4<zzzz>; HiZ drive
o0x7374206d0 .functor BUFZ 4, C4<zzzz>; HiZ drive
L_0x737050310 .functor XOR 4, o0x7374206a0, o0x7374206d0, C4<0000>, C4<0000>;
L_0x737050380 .functor NOT 4, L_0x737050310, C4<0000>, C4<0000>, C4<0000>;
v0x736c54aa0_0 .net *"_ivl_0", 3 0, L_0x737050310;  1 drivers
v0x736c54b40_0 .net "a", 3 0, o0x7374206a0;  0 drivers
v0x736c54be0_0 .net "b", 3 0, o0x7374206d0;  0 drivers
v0x736c54c80_0 .net "y", 3 0, L_0x737050380;  1 drivers
S_0x101782e00 .scope module, "xor4" "xor4" 3 40;
 .timescale -9 -12;
    .port_info 0 /INPUT 4 "a";
    .port_info 1 /INPUT 4 "b";
    .port_info 2 /OUTPUT 4 "y";
o0x7374207c0 .functor BUFZ 4, C4<zzzz>; HiZ drive
o0x7374207f0 .functor BUFZ 4, C4<zzzz>; HiZ drive
L_0x7370503f0 .functor XOR 4, o0x7374207c0, o0x7374207f0, C4<0000>, C4<0000>;
v0x736c54d20_0 .net "a", 3 0, o0x7374207c0;  0 drivers
v0x736c54dc0_0 .net "b", 3 0, o0x7374207f0;  0 drivers
v0x736c54e60_0 .net "y", 3 0, L_0x7370503f0;  1 drivers
    .scope S_0x1017860c0;
T_1 ;
    %pushi/vec4 0, 0, 32;
    %store/vec4 v0x736c54960_0, 0, 32;
    %vpi_call/w 4 28 "$dumpfile", "waves/not4.vcd" {0 0 0};
    %vpi_call/w 4 29 "$dumpvars", 32'sb00000000000000000000000000000000, S_0x1017860c0 {0 0 0};
    %pushi/vec4 5, 0, 4;
    %store/vec4 v0x736c548c0_0, 0, 4;
    %delay 5000, 0;
    %pushi/vec4 0, 0, 32; draw_string_vec4
    %pushi/vec4 0, 0, 32; draw_string_vec4
    %concat/vec4; draw_string_vec4
    %pushi/vec4 0, 0, 32; draw_string_vec4
    %concat/vec4; draw_string_vec4
    %pushi/vec4 0, 0, 32; draw_string_vec4
    %concat/vec4; draw_string_vec4
    %pushi/vec4 0, 0, 32; draw_string_vec4
    %concat/vec4; draw_string_vec4
    %pushi/vec4 0, 0, 32; draw_string_vec4
    %concat/vec4; draw_string_vec4
    %pushi/vec4 126, 0, 32; draw_string_vec4
    %concat/vec4; draw_string_vec4
    %pushi/vec4 808529969, 0, 32; draw_string_vec4
    %concat/vec4; draw_string_vec4
    %store/vec4 v0x736c546e0_0, 0, 256;
    %load/vec4 v0x736c54a00_0;
    %store/vec4 v0x736c54640_0, 0, 4;
    %pushi/vec4 10, 0, 4;
    %store/vec4 v0x736c545a0_0, 0, 4;
    %fork TD_tb_not4.check4, S_0x101785850;
    %join;
    %pushi/vec4 12, 0, 4;
    %store/vec4 v0x736c548c0_0, 0, 4;
    %delay 5000, 0;
    %pushi/vec4 0, 0, 32; draw_string_vec4
    %pushi/vec4 0, 0, 32; draw_string_vec4
    %concat/vec4; draw_string_vec4
    %pushi/vec4 0, 0, 32; draw_string_vec4
    %concat/vec4; draw_string_vec4
    %pushi/vec4 0, 0, 32; draw_string_vec4
    %concat/vec4; draw_string_vec4
    %pushi/vec4 0, 0, 32; draw_string_vec4
    %concat/vec4; draw_string_vec4
    %pushi/vec4 0, 0, 32; draw_string_vec4
    %concat/vec4; draw_string_vec4
    %pushi/vec4 126, 0, 32; draw_string_vec4
    %concat/vec4; draw_string_vec4
    %pushi/vec4 825307184, 0, 32; draw_string_vec4
    %concat/vec4; draw_string_vec4
    %store/vec4 v0x736c546e0_0, 0, 256;
    %load/vec4 v0x736c54a00_0;
    %store/vec4 v0x736c54640_0, 0, 4;
    %pushi/vec4 3, 0, 4;
    %store/vec4 v0x736c545a0_0, 0, 4;
    %fork TD_tb_not4.check4, S_0x101785850;
    %join;
    %pushi/vec4 15, 0, 4;
    %store/vec4 v0x736c548c0_0, 0, 4;
    %delay 5000, 0;
    %pushi/vec4 0, 0, 32; draw_string_vec4
    %pushi/vec4 0, 0, 32; draw_string_vec4
    %concat/vec4; draw_string_vec4
    %pushi/vec4 0, 0, 32; draw_string_vec4
    %concat/vec4; draw_string_vec4
    %pushi/vec4 0, 0, 32; draw_string_vec4
    %concat/vec4; draw_string_vec4
    %pushi/vec4 0, 0, 32; draw_string_vec4
    %concat/vec4; draw_string_vec4
    %pushi/vec4 0, 0, 32; draw_string_vec4
    %concat/vec4; draw_string_vec4
    %pushi/vec4 126, 0, 32; draw_string_vec4
    %concat/vec4; draw_string_vec4
    %pushi/vec4 825307441, 0, 32; draw_string_vec4
    %concat/vec4; draw_string_vec4
    %store/vec4 v0x736c546e0_0, 0, 256;
    %load/vec4 v0x736c54a00_0;
    %store/vec4 v0x736c54640_0, 0, 4;
    %pushi/vec4 0, 0, 4;
    %store/vec4 v0x736c545a0_0, 0, 4;
    %fork TD_tb_not4.check4, S_0x101785850;
    %join;
    %pushi/vec4 0, 0, 4;
    %store/vec4 v0x736c548c0_0, 0, 4;
    %delay 5000, 0;
    %pushi/vec4 0, 0, 32; draw_string_vec4
    %pushi/vec4 0, 0, 32; draw_string_vec4
    %concat/vec4; draw_string_vec4
    %pushi/vec4 0, 0, 32; draw_string_vec4
    %concat/vec4; draw_string_vec4
    %pushi/vec4 0, 0, 32; draw_string_vec4
    %concat/vec4; draw_string_vec4
    %pushi/vec4 0, 0, 32; draw_string_vec4
    %concat/vec4; draw_string_vec4
    %pushi/vec4 0, 0, 32; draw_string_vec4
    %concat/vec4; draw_string_vec4
    %pushi/vec4 126, 0, 32; draw_string_vec4
    %concat/vec4; draw_string_vec4
    %pushi/vec4 808464432, 0, 32; draw_string_vec4
    %concat/vec4; draw_string_vec4
    %store/vec4 v0x736c546e0_0, 0, 256;
    %load/vec4 v0x736c54a00_0;
    %store/vec4 v0x736c54640_0, 0, 4;
    %pushi/vec4 15, 0, 4;
    %store/vec4 v0x736c545a0_0, 0, 4;
    %fork TD_tb_not4.check4, S_0x101785850;
    %join;
    %load/vec4 v0x736c54960_0;
    %cmpi/e 0, 0, 32;
    %jmp/0xz  T_1.0, 4;
    %vpi_call/w 4 36 "$display", "NOT4: ALL TESTS PASSED \342\234\205" {0 0 0};
    %jmp T_1.1;
T_1.0 ;
    %vpi_call/w 4 37 "$display", "NOT4: FAILED \342\235\214 errors=%0d", v0x736c54960_0 {0 0 0};
T_1.1 ;
    %delay 5000, 0;
    %vpi_call/w 4 39 "$finish" {0 0 0};
    %end;
    .thread T_1;
# The file index is used to find the file name in the following table.
:file_names 5;
    "N/A";
    "<interactive>";
    "-";
    "verilog/gates_step2.v";
    "tests/tb_not4.v";
