#! /opt/homebrew/Cellar/icarus-verilog/12.0/bin/vvp
:ivl_version "12.0 (stable)";
:ivl_delay_selection "TYPICAL";
:vpi_time_precision - 12;
:vpi_module "/opt/homebrew/Cellar/icarus-verilog/12.0/lib/ivl/system.vpi";
:vpi_module "/opt/homebrew/Cellar/icarus-verilog/12.0/lib/ivl/vhdl_sys.vpi";
:vpi_module "/opt/homebrew/Cellar/icarus-verilog/12.0/lib/ivl/vhdl_textio.vpi";
:vpi_module "/opt/homebrew/Cellar/icarus-verilog/12.0/lib/ivl/v2005_math.vpi";
:vpi_module "/opt/homebrew/Cellar/icarus-verilog/12.0/lib/ivl/va_math.vpi";
:vpi_module "/opt/homebrew/Cellar/icarus-verilog/12.0/lib/ivl/v2009.vpi";
S_0x1054004f0 .scope package, "$unit" "$unit" 2 1;
 .timescale 0 0;
S_0x105400670 .scope module, "and4" "and4" 3 4;
 .timescale -9 -12;
    .port_info 0 /INPUT 4 "a";
    .port_info 1 /INPUT 4 "b";
    .port_info 2 /OUTPUT 4 "y";
o0x9bf420010 .functor BUFZ 4, C4<zzzz>; HiZ drive
o0x9bf420040 .functor BUFZ 4, C4<zzzz>; HiZ drive
L_0x105407aa0 .functor AND 4, o0x9bf420010, o0x9bf420040, C4<1111>, C4<1111>;
v0x10540ad20_0 .net "a", 3 0, o0x9bf420010;  0 drivers
v0x105408790_0 .net "b", 3 0, o0x9bf420040;  0 drivers
v0x105407ca0_0 .net "y", 3 0, L_0x105407aa0;  1 drivers
S_0x105400f70 .scope module, "nand4" "nand4" 3 13;
 .timescale -9 -12;
    .port_info 0 /INPUT 4 "a";
    .port_info 1 /INPUT 4 "b";
    .port_info 2 /OUTPUT 4 "y";
o0x9bf420160 .functor BUFZ 4, C4<zzzz>; HiZ drive
o0x9bf420190 .functor BUFZ 4, C4<zzzz>; HiZ drive
L_0x105407d40 .functor AND 4, o0x9bf420160, o0x9bf420190, C4<1111>, C4<1111>;
L_0x105408830 .functor NOT 4, L_0x105407d40, C4<0000>, C4<0000>, C4<0000>;
v0x105407a00_0 .net *"_ivl_0", 3 0, L_0x105407d40;  1 drivers
v0x105407460_0 .net "a", 3 0, o0x9bf420160;  0 drivers
v0x9bec74000_0 .net "b", 3 0, o0x9bf420190;  0 drivers
v0x9bec740a0_0 .net "y", 3 0, L_0x105408830;  1 drivers
S_0x1054010f0 .scope module, "nor4" "nor4" 3 31;
 .timescale -9 -12;
    .port_info 0 /INPUT 4 "a";
    .port_info 1 /INPUT 4 "b";
    .port_info 2 /OUTPUT 4 "y";
o0x9bf4202b0 .functor BUFZ 4, C4<zzzz>; HiZ drive
o0x9bf4202e0 .functor BUFZ 4, C4<zzzz>; HiZ drive
L_0x10540adc0 .functor OR 4, o0x9bf4202b0, o0x9bf4202e0, C4<0000>, C4<0000>;
L_0x1053fef00 .functor NOT 4, L_0x10540adc0, C4<0000>, C4<0000>, C4<0000>;
v0x9bec74140_0 .net *"_ivl_0", 3 0, L_0x10540adc0;  1 drivers
v0x9bec741e0_0 .net "a", 3 0, o0x9bf4202b0;  0 drivers
v0x9bec74280_0 .net "b", 3 0, o0x9bf4202e0;  0 drivers
v0x9bec74320_0 .net "y", 3 0, L_0x1053fef00;  1 drivers
S_0x1054021e0 .scope module, "not4" "not4" 3 58;
 .timescale -9 -12;
    .port_info 0 /INPUT 4 "a";
    .port_info 1 /OUTPUT 4 "y";
o0x9bf4203d0 .functor BUFZ 4, C4<zzzz>; HiZ drive
L_0x1054024e0 .functor NOT 4, o0x9bf4203d0, C4<0000>, C4<0000>, C4<0000>;
v0x9bec743c0_0 .net "a", 3 0, o0x9bf4203d0;  0 drivers
v0x9bec74460_0 .net "y", 3 0, L_0x1054024e0;  1 drivers
S_0x105402360 .scope module, "tb_or4" "tb_or4" 4 3;
 .timescale -9 -12;
v0x9bec748c0_0 .var "a", 3 0;
v0x9bec74960_0 .var "b", 3 0;
v0x9bec74a00_0 .var/i "errors", 31 0;
v0x9bec74aa0_0 .net "y", 3 0, L_0x105401270;  1 drivers
S_0x105401a20 .scope task, "check4" "check4" 4 12, 4 12 0, S_0x105402360;
 .timescale -9 -12;
v0x9bec74500_0 .var "exp", 3 0;
v0x9bec745a0_0 .var "got", 3 0;
v0x9bec74640_0 .var "label", 255 0;
TD_tb_or4.check4 ;
    %load/vec4 v0x9bec745a0_0;
    %load/vec4 v0x9bec74500_0;
    %cmp/ne;
    %jmp/0xz  T_0.0, 6;
    %vpi_call/w 4 18 "$display", "FAIL: %s | got=%b exp=%b", v0x9bec74640_0, v0x9bec745a0_0, v0x9bec74500_0 {0 0 0};
    %load/vec4 v0x9bec74a00_0;
    %addi 1, 0, 32;
    %store/vec4 v0x9bec74a00_0, 0, 32;
    %jmp T_0.1;
T_0.0 ;
    %vpi_call/w 4 21 "$display", "PASS: %s", v0x9bec74640_0 {0 0 0};
T_0.1 ;
    %end;
S_0x105401ba0 .scope module, "dut" "or4" 4 10, 3 22 0, S_0x105402360;
 .timescale -9 -12;
    .port_info 0 /INPUT 4 "a";
    .port_info 1 /INPUT 4 "b";
    .port_info 2 /OUTPUT 4 "y";
L_0x105401270 .functor OR 4, v0x9bec748c0_0, v0x9bec74960_0, C4<0000>, C4<0000>;
v0x9bec746e0_0 .net "a", 3 0, v0x9bec748c0_0;  1 drivers
v0x9bec74780_0 .net "b", 3 0, v0x9bec74960_0;  1 drivers
v0x9bec74820_0 .net "y", 3 0, L_0x105401270;  alias, 1 drivers
S_0x1053fec00 .scope module, "xnor4" "xnor4" 3 49;
 .timescale -9 -12;
    .port_info 0 /INPUT 4 "a";
    .port_info 1 /INPUT 4 "b";
    .port_info 2 /OUTPUT 4 "y";
o0x9bf4206a0 .functor BUFZ 4, C4<zzzz>; HiZ drive
o0x9bf4206d0 .functor BUFZ 4, C4<zzzz>; HiZ drive
L_0x1054007f0 .functor XOR 4, o0x9bf4206a0, o0x9bf4206d0, C4<0000>, C4<0000>;
L_0x105406ea0 .functor NOT 4, L_0x1054007f0, C4<0000>, C4<0000>, C4<0000>;
v0x9bec74b40_0 .net *"_ivl_0", 3 0, L_0x1054007f0;  1 drivers
v0x9bec74be0_0 .net "a", 3 0, o0x9bf4206a0;  0 drivers
v0x9bec74c80_0 .net "b", 3 0, o0x9bf4206d0;  0 drivers
v0x9bec74d20_0 .net "y", 3 0, L_0x105406ea0;  1 drivers
S_0x1053fed80 .scope module, "xor4" "xor4" 3 40;
 .timescale -9 -12;
    .port_info 0 /INPUT 4 "a";
    .port_info 1 /INPUT 4 "b";
    .port_info 2 /OUTPUT 4 "y";
o0x9bf4207c0 .functor BUFZ 4, C4<zzzz>; HiZ drive
o0x9bf4207f0 .functor BUFZ 4, C4<zzzz>; HiZ drive
L_0x105406f10 .functor XOR 4, o0x9bf4207c0, o0x9bf4207f0, C4<0000>, C4<0000>;
v0x9bec74dc0_0 .net "a", 3 0, o0x9bf4207c0;  0 drivers
v0x9bec74e60_0 .net "b", 3 0, o0x9bf4207f0;  0 drivers
v0x9bec74f00_0 .net "y", 3 0, L_0x105406f10;  1 drivers
    .scope S_0x105402360;
T_1 ;
    %pushi/vec4 0, 0, 32;
    %store/vec4 v0x9bec74a00_0, 0, 32;
    %vpi_call/w 4 28 "$dumpfile", "waves/or4.vcd" {0 0 0};
    %vpi_call/w 4 29 "$dumpvars", 32'sb00000000000000000000000000000000, S_0x105402360 {0 0 0};
    %pushi/vec4 5, 0, 4;
    %store/vec4 v0x9bec748c0_0, 0, 4;
    %pushi/vec4 10, 0, 4;
    %store/vec4 v0x9bec74960_0, 0, 4;
    %delay 5000, 0;
    %pushi/vec4 0, 0, 32; draw_string_vec4
    %pushi/vec4 0, 0, 32; draw_string_vec4
    %concat/vec4; draw_string_vec4
    %pushi/vec4 0, 0, 32; draw_string_vec4
    %concat/vec4; draw_string_vec4
    %pushi/vec4 0, 0, 32; draw_string_vec4
    %concat/vec4; draw_string_vec4
    %pushi/vec4 0, 0, 32; draw_string_vec4
    %concat/vec4; draw_string_vec4
    %pushi/vec4 3158320, 0, 32; draw_string_vec4
    %concat/vec4; draw_string_vec4
    %pushi/vec4 824212512, 0, 32; draw_string_vec4
    %concat/vec4; draw_string_vec4
    %pushi/vec4 825241904, 0, 32; draw_string_vec4
    %concat/vec4; draw_string_vec4
    %store/vec4 v0x9bec74640_0, 0, 256;
    %load/vec4 v0x9bec74aa0_0;
    %store/vec4 v0x9bec745a0_0, 0, 4;
    %pushi/vec4 15, 0, 4;
    %store/vec4 v0x9bec74500_0, 0, 4;
    %fork TD_tb_or4.check4, S_0x105401a20;
    %join;
    %pushi/vec4 12, 0, 4;
    %store/vec4 v0x9bec748c0_0, 0, 4;
    %pushi/vec4 9, 0, 4;
    %store/vec4 v0x9bec74960_0, 0, 4;
    %delay 5000, 0;
    %pushi/vec4 0, 0, 32; draw_string_vec4
    %pushi/vec4 0, 0, 32; draw_string_vec4
    %concat/vec4; draw_string_vec4
    %pushi/vec4 0, 0, 32; draw_string_vec4
    %concat/vec4; draw_string_vec4
    %pushi/vec4 0, 0, 32; draw_string_vec4
    %concat/vec4; draw_string_vec4
    %pushi/vec4 0, 0, 32; draw_string_vec4
    %concat/vec4; draw_string_vec4
    %pushi/vec4 3223856, 0, 32; draw_string_vec4
    %concat/vec4; draw_string_vec4
    %pushi/vec4 807435296, 0, 32; draw_string_vec4
    %concat/vec4; draw_string_vec4
    %pushi/vec4 825241649, 0, 32; draw_string_vec4
    %concat/vec4; draw_string_vec4
    %store/vec4 v0x9bec74640_0, 0, 256;
    %load/vec4 v0x9bec74aa0_0;
    %store/vec4 v0x9bec745a0_0, 0, 4;
    %pushi/vec4 13, 0, 4;
    %store/vec4 v0x9bec74500_0, 0, 4;
    %fork TD_tb_or4.check4, S_0x105401a20;
    %join;
    %pushi/vec4 15, 0, 4;
    %store/vec4 v0x9bec748c0_0, 0, 4;
    %pushi/vec4 0, 0, 4;
    %store/vec4 v0x9bec74960_0, 0, 4;
    %delay 5000, 0;
    %pushi/vec4 0, 0, 32; draw_string_vec4
    %pushi/vec4 0, 0, 32; draw_string_vec4
    %concat/vec4; draw_string_vec4
    %pushi/vec4 0, 0, 32; draw_string_vec4
    %concat/vec4; draw_string_vec4
    %pushi/vec4 0, 0, 32; draw_string_vec4
    %concat/vec4; draw_string_vec4
    %pushi/vec4 0, 0, 32; draw_string_vec4
    %concat/vec4; draw_string_vec4
    %pushi/vec4 3223857, 0, 32; draw_string_vec4
    %concat/vec4; draw_string_vec4
    %pushi/vec4 824212512, 0, 32; draw_string_vec4
    %concat/vec4; draw_string_vec4
    %pushi/vec4 808464432, 0, 32; draw_string_vec4
    %concat/vec4; draw_string_vec4
    %store/vec4 v0x9bec74640_0, 0, 256;
    %load/vec4 v0x9bec74aa0_0;
    %store/vec4 v0x9bec745a0_0, 0, 4;
    %pushi/vec4 15, 0, 4;
    %store/vec4 v0x9bec74500_0, 0, 4;
    %fork TD_tb_or4.check4, S_0x105401a20;
    %join;
    %pushi/vec4 0, 0, 4;
    %store/vec4 v0x9bec748c0_0, 0, 4;
    %pushi/vec4 0, 0, 4;
    %store/vec4 v0x9bec74960_0, 0, 4;
    %delay 5000, 0;
    %pushi/vec4 0, 0, 32; draw_string_vec4
    %pushi/vec4 0, 0, 32; draw_string_vec4
    %concat/vec4; draw_string_vec4
    %pushi/vec4 0, 0, 32; draw_string_vec4
    %concat/vec4; draw_string_vec4
    %pushi/vec4 0, 0, 32; draw_string_vec4
    %concat/vec4; draw_string_vec4
    %pushi/vec4 0, 0, 32; draw_string_vec4
    %concat/vec4; draw_string_vec4
    %pushi/vec4 3158064, 0, 32; draw_string_vec4
    %concat/vec4; draw_string_vec4
    %pushi/vec4 807435296, 0, 32; draw_string_vec4
    %concat/vec4; draw_string_vec4
    %pushi/vec4 808464432, 0, 32; draw_string_vec4
    %concat/vec4; draw_string_vec4
    %store/vec4 v0x9bec74640_0, 0, 256;
    %load/vec4 v0x9bec74aa0_0;
    %store/vec4 v0x9bec745a0_0, 0, 4;
    %pushi/vec4 0, 0, 4;
    %store/vec4 v0x9bec74500_0, 0, 4;
    %fork TD_tb_or4.check4, S_0x105401a20;
    %join;
    %load/vec4 v0x9bec74a00_0;
    %cmpi/e 0, 0, 32;
    %jmp/0xz  T_1.0, 4;
    %vpi_call/w 4 36 "$display", "OR4: ALL TESTS PASSED \342\234\205" {0 0 0};
    %jmp T_1.1;
T_1.0 ;
    %vpi_call/w 4 37 "$display", "OR4: FAILED \342\235\214 errors=%0d", v0x9bec74a00_0 {0 0 0};
T_1.1 ;
    %delay 5000, 0;
    %vpi_call/w 4 39 "$finish" {0 0 0};
    %end;
    .thread T_1;
# The file index is used to find the file name in the following table.
:file_names 5;
    "N/A";
    "<interactive>";
    "-";
    "verilog/gates_step2.v";
    "tests/tb_or4.v";
