#! /opt/homebrew/Cellar/icarus-verilog/12.0/bin/vvp
:ivl_version "12.0 (stable)";
:ivl_delay_selection "TYPICAL";
:vpi_time_precision - 12;
:vpi_module "/opt/homebrew/Cellar/icarus-verilog/12.0/lib/ivl/system.vpi";
:vpi_module "/opt/homebrew/Cellar/icarus-verilog/12.0/lib/ivl/vhdl_sys.vpi";
:vpi_module "/opt/homebrew/Cellar/icarus-verilog/12.0/lib/ivl/vhdl_textio.vpi";
:vpi_module "/opt/homebrew/Cellar/icarus-verilog/12.0/lib/ivl/v2005_math.vpi";
:vpi_module "/opt/homebrew/Cellar/icarus-verilog/12.0/lib/ivl/va_math.vpi";
:vpi_module "/opt/homebrew/Cellar/icarus-verilog/12.0/lib/ivl/v2009.vpi";
S_0x100d2a0e0 .scope package, "$unit" "$unit" 2 1;
 .timescale 0 0;
S_0x100d28c00 .scope module, "tb_sub4" "tb_sub4" 3 3;
 .timescale -9 -12;
v0x712c4c1e0_0 .var "a", 3 0;
v0x712c4c280_0 .var "b", 3 0;
v0x712c4c320_0 .net "bout", 0 0, L_0x100d329b0;  1 drivers
v0x712c4c3c0_0 .var/i "errors", 31 0;
v0x712c4c460_0 .net "y_sub", 3 0, L_0x100d32a50;  1 drivers
S_0x100d28d80 .scope task, "check" "check" 3 12, 3 12 0, S_0x100d28c00;
 .timescale -9 -12;
v0x100d32090_0 .var/s "exp", 31 0;
v0x100d32130_0 .var/s "got", 31 0;
v0x100d31860_0 .var "label", 255 0;
TD_tb_sub4.check ;
    %load/vec4 v0x100d32130_0;
    %load/vec4 v0x100d32090_0;
    %cmp/ne;
    %jmp/0xz  T_0.0, 6;
    %vpi_call/w 3 18 "$display", "FAIL: %s | got=%d exp=%d", v0x100d31860_0, v0x100d32130_0, v0x100d32090_0 {0 0 0};
    %load/vec4 v0x712c4c3c0_0;
    %addi 1, 0, 32;
    %store/vec4 v0x712c4c3c0_0, 0, 32;
    %jmp T_0.1;
T_0.0 ;
    %vpi_call/w 3 21 "$display", "PASS: %s", v0x100d31860_0 {0 0 0};
T_0.1 ;
    %end;
S_0x100d31900 .scope module, "sub4_dut" "sub4" 3 10, 4 4 0, S_0x100d28c00;
 .timescale -9 -12;
    .port_info 0 /INPUT 4 "a";
    .port_info 1 /INPUT 4 "b";
    .port_info 2 /OUTPUT 4 "y";
    .port_info 3 /OUTPUT 1 "bout";
L_0x713454058 .functor BUFT 1, C4<0>, C4<0>, C4<0>, C4<0>;
v0x100d31a80_0 .net *"_ivl_10", 0 0, L_0x713454058;  1 drivers
v0x100d32610_0 .net *"_ivl_11", 4 0, L_0x100d32c30;  1 drivers
v0x100d326b0_0 .net *"_ivl_3", 4 0, L_0x100d32af0;  1 drivers
L_0x713454010 .functor BUFT 1, C4<0>, C4<0>, C4<0>, C4<0>;
v0x100d32750_0 .net *"_ivl_6", 0 0, L_0x713454010;  1 drivers
v0x100d327f0_0 .net *"_ivl_7", 4 0, L_0x100d32b90;  1 drivers
v0x100d32890_0 .net "a", 3 0, v0x712c4c1e0_0;  1 drivers
v0x712c4c000_0 .net "b", 3 0, v0x712c4c280_0;  1 drivers
v0x712c4c0a0_0 .net "bout", 0 0, L_0x100d329b0;  alias, 1 drivers
v0x712c4c140_0 .net "y", 3 0, L_0x100d32a50;  alias, 1 drivers
L_0x100d329b0 .part L_0x100d32c30, 4, 1;
L_0x100d32a50 .part L_0x100d32c30, 0, 4;
L_0x100d32af0 .concat [ 4 1 0 0], v0x712c4c1e0_0, L_0x713454010;
L_0x100d32b90 .concat [ 4 1 0 0], v0x712c4c280_0, L_0x713454058;
L_0x100d32c30 .arith/sub 5, L_0x100d32af0, L_0x100d32b90;
    .scope S_0x100d28c00;
T_1 ;
    %pushi/vec4 0, 0, 32;
    %store/vec4 v0x712c4c3c0_0, 0, 32;
    %vpi_call/w 3 28 "$dumpfile", "waves/sub4.vcd" {0 0 0};
    %vpi_call/w 3 29 "$dumpvars", 32'sb00000000000000000000000000000000, S_0x100d28c00 {0 0 0};
    %pushi/vec4 5, 0, 4;
    %store/vec4 v0x712c4c1e0_0, 0, 4;
    %pushi/vec4 3, 0, 4;
    %store/vec4 v0x712c4c280_0, 0, 4;
    %delay 5000, 0;
    %pushi/vec4 0, 0, 32; draw_string_vec4
    %pushi/vec4 0, 0, 32; draw_string_vec4
    %concat/vec4; draw_string_vec4
    %pushi/vec4 0, 0, 32; draw_string_vec4
    %concat/vec4; draw_string_vec4
    %pushi/vec4 0, 0, 32; draw_string_vec4
    %concat/vec4; draw_string_vec4
    %pushi/vec4 0, 0, 32; draw_string_vec4
    %concat/vec4; draw_string_vec4
    %pushi/vec4 0, 0, 32; draw_string_vec4
    %concat/vec4; draw_string_vec4
    %pushi/vec4 0, 0, 32; draw_string_vec4
    %concat/vec4; draw_string_vec4
    %pushi/vec4 5461314, 0, 32; draw_string_vec4
    %concat/vec4; draw_string_vec4
    %store/vec4 v0x100d31860_0, 0, 256;
    %load/vec4 v0x712c4c460_0;
    %pad/u 32;
    %store/vec4 v0x100d32130_0, 0, 32;
    %pushi/vec4 2, 0, 32;
    %store/vec4 v0x100d32090_0, 0, 32;
    %fork TD_tb_sub4.check, S_0x100d28d80;
    %join;
    %pushi/vec4 3, 0, 4;
    %store/vec4 v0x712c4c1e0_0, 0, 4;
    %pushi/vec4 5, 0, 4;
    %store/vec4 v0x712c4c280_0, 0, 4;
    %delay 5000, 0;
    %pushi/vec4 0, 0, 32; draw_string_vec4
    %pushi/vec4 0, 0, 32; draw_string_vec4
    %concat/vec4; draw_string_vec4
    %pushi/vec4 0, 0, 32; draw_string_vec4
    %concat/vec4; draw_string_vec4
    %pushi/vec4 0, 0, 32; draw_string_vec4
    %concat/vec4; draw_string_vec4
    %pushi/vec4 0, 0, 32; draw_string_vec4
    %concat/vec4; draw_string_vec4
    %pushi/vec4 0, 0, 32; draw_string_vec4
    %concat/vec4; draw_string_vec4
    %pushi/vec4 0, 0, 32; draw_string_vec4
    %concat/vec4; draw_string_vec4
    %pushi/vec4 5461314, 0, 32; draw_string_vec4
    %concat/vec4; draw_string_vec4
    %store/vec4 v0x100d31860_0, 0, 256;
    %load/vec4 v0x712c4c460_0;
    %pad/s 32;
    %store/vec4 v0x100d32130_0, 0, 32;
    %pushi/vec4 4294967294, 0, 32;
    %store/vec4 v0x100d32090_0, 0, 32;
    %fork TD_tb_sub4.check, S_0x100d28d80;
    %join;
    %load/vec4 v0x712c4c3c0_0;
    %cmpi/e 0, 0, 32;
    %jmp/0xz  T_1.0, 4;
    %vpi_call/w 3 35 "$display", "SUB4: ALL TESTS PASSED \342\234\205" {0 0 0};
    %jmp T_1.1;
T_1.0 ;
    %vpi_call/w 3 36 "$display", "SUB4: FAILED \342\235\214 errors=%0d", v0x712c4c3c0_0 {0 0 0};
T_1.1 ;
    %delay 5000, 0;
    %vpi_call/w 3 38 "$finish" {0 0 0};
    %end;
    .thread T_1;
# The file index is used to find the file name in the following table.
:file_names 5;
    "N/A";
    "<interactive>";
    "-";
    "tests/arithmetic/tb_sub4.v";
    "verilog/arithmetic/sub4.v";
