#! /opt/homebrew/Cellar/icarus-verilog/12.0/bin/vvp
:ivl_version "12.0 (stable)";
:ivl_delay_selection "TYPICAL";
:vpi_time_precision - 12;
:vpi_module "/opt/homebrew/Cellar/icarus-verilog/12.0/lib/ivl/system.vpi";
:vpi_module "/opt/homebrew/Cellar/icarus-verilog/12.0/lib/ivl/vhdl_sys.vpi";
:vpi_module "/opt/homebrew/Cellar/icarus-verilog/12.0/lib/ivl/vhdl_textio.vpi";
:vpi_module "/opt/homebrew/Cellar/icarus-verilog/12.0/lib/ivl/v2005_math.vpi";
:vpi_module "/opt/homebrew/Cellar/icarus-verilog/12.0/lib/ivl/va_math.vpi";
:vpi_module "/opt/homebrew/Cellar/icarus-verilog/12.0/lib/ivl/v2009.vpi";
S_0x1016cf6a0 .scope package, "$unit" "$unit" 2 1;
 .timescale 0 0;
S_0x1016cf820 .scope module, "and4" "and4" 3 4;
 .timescale -9 -12;
    .port_info 0 /INPUT 4 "a";
    .port_info 1 /INPUT 4 "b";
    .port_info 2 /OUTPUT 4 "y";
o0xc31420010 .functor BUFZ 4, C4<zzzz>; HiZ drive
o0xc31420040 .functor BUFZ 4, C4<zzzz>; HiZ drive
L_0x1016d6cf0 .functor AND 4, o0xc31420010, o0xc31420040, C4<1111>, C4<1111>;
v0x1016d6f70_0 .net "a", 3 0, o0xc31420010;  0 drivers
v0x1016d6c50_0 .net "b", 3 0, o0xc31420040;  0 drivers
v0x1016d69e0_0 .net "y", 3 0, L_0x1016d6cf0;  1 drivers
S_0x1016d02a0 .scope module, "nand4" "nand4" 3 13;
 .timescale -9 -12;
    .port_info 0 /INPUT 4 "a";
    .port_info 1 /INPUT 4 "b";
    .port_info 2 /OUTPUT 4 "y";
o0xc31420160 .functor BUFZ 4, C4<zzzz>; HiZ drive
o0xc31420190 .functor BUFZ 4, C4<zzzz>; HiZ drive
L_0x1016d7010 .functor AND 4, o0xc31420160, o0xc31420190, C4<1111>, C4<1111>;
L_0x1016cdd30 .functor NOT 4, L_0x1016d7010, C4<0000>, C4<0000>, C4<0000>;
v0xc30c58000_0 .net *"_ivl_0", 3 0, L_0x1016d7010;  1 drivers
v0xc30c580a0_0 .net "a", 3 0, o0xc31420160;  0 drivers
v0xc30c58140_0 .net "b", 3 0, o0xc31420190;  0 drivers
v0xc30c581e0_0 .net "y", 3 0, L_0x1016cdd30;  1 drivers
S_0x1016d0420 .scope module, "nor4" "nor4" 3 31;
 .timescale -9 -12;
    .port_info 0 /INPUT 4 "a";
    .port_info 1 /INPUT 4 "b";
    .port_info 2 /OUTPUT 4 "y";
o0xc314202b0 .functor BUFZ 4, C4<zzzz>; HiZ drive
o0xc314202e0 .functor BUFZ 4, C4<zzzz>; HiZ drive
L_0x1016d1720 .functor OR 4, o0xc314202b0, o0xc314202e0, C4<0000>, C4<0000>;
L_0x1016d05a0 .functor NOT 4, L_0x1016d1720, C4<0000>, C4<0000>, C4<0000>;
v0xc30c58280_0 .net *"_ivl_0", 3 0, L_0x1016d1720;  1 drivers
v0xc30c58320_0 .net "a", 3 0, o0xc314202b0;  0 drivers
v0xc30c583c0_0 .net "b", 3 0, o0xc314202e0;  0 drivers
v0xc30c58460_0 .net "y", 3 0, L_0x1016d05a0;  1 drivers
S_0x1016d1420 .scope module, "not4" "not4" 3 58;
 .timescale -9 -12;
    .port_info 0 /INPUT 4 "a";
    .port_info 1 /OUTPUT 4 "y";
o0xc314203d0 .functor BUFZ 4, C4<zzzz>; HiZ drive
L_0x1016cf9a0 .functor NOT 4, o0xc314203d0, C4<0000>, C4<0000>, C4<0000>;
v0xc30c58500_0 .net "a", 3 0, o0xc314203d0;  0 drivers
v0xc30c585a0_0 .net "y", 3 0, L_0x1016cf9a0;  1 drivers
S_0x1016d15a0 .scope module, "or4" "or4" 3 22;
 .timescale -9 -12;
    .port_info 0 /INPUT 4 "a";
    .port_info 1 /INPUT 4 "b";
    .port_info 2 /OUTPUT 4 "y";
o0xc31420490 .functor BUFZ 4, C4<zzzz>; HiZ drive
o0xc314204c0 .functor BUFZ 4, C4<zzzz>; HiZ drive
L_0x1016d6470 .functor OR 4, o0xc31420490, o0xc314204c0, C4<0000>, C4<0000>;
v0xc30c58640_0 .net "a", 3 0, o0xc31420490;  0 drivers
v0xc30c586e0_0 .net "b", 3 0, o0xc314204c0;  0 drivers
v0xc30c58780_0 .net "y", 3 0, L_0x1016d6470;  1 drivers
S_0x1016cda30 .scope module, "tb_xnor4" "tb_xnor4" 4 3;
 .timescale -9 -12;
v0xc30c58c80_0 .var "a", 3 0;
v0xc30c58d20_0 .var "b", 3 0;
v0xc30c58dc0_0 .var/i "errors", 31 0;
v0xc30c58e60_0 .net "y", 3 0, L_0x1016d5ee0;  1 drivers
S_0x1016d0cc0 .scope task, "check4" "check4" 4 12, 4 12 0, S_0x1016cda30;
 .timescale -9 -12;
v0xc30c58820_0 .var "exp", 3 0;
v0xc30c588c0_0 .var "got", 3 0;
v0xc30c58960_0 .var "label", 255 0;
TD_tb_xnor4.check4 ;
    %load/vec4 v0xc30c588c0_0;
    %load/vec4 v0xc30c58820_0;
    %cmp/ne;
    %jmp/0xz  T_0.0, 6;
    %vpi_call/w 4 18 "$display", "FAIL: %s | got=%b exp=%b", v0xc30c58960_0, v0xc30c588c0_0, v0xc30c58820_0 {0 0 0};
    %load/vec4 v0xc30c58dc0_0;
    %addi 1, 0, 32;
    %store/vec4 v0xc30c58dc0_0, 0, 32;
    %jmp T_0.1;
T_0.0 ;
    %vpi_call/w 4 21 "$display", "PASS: %s", v0xc30c58960_0 {0 0 0};
T_0.1 ;
    %end;
S_0x1016d0e40 .scope module, "dut" "xnor4" 4 10, 3 49 0, S_0x1016cda30;
 .timescale -9 -12;
    .port_info 0 /INPUT 4 "a";
    .port_info 1 /INPUT 4 "b";
    .port_info 2 /OUTPUT 4 "y";
L_0x1016d64e0 .functor XOR 4, v0xc30c58c80_0, v0xc30c58d20_0, C4<0000>, C4<0000>;
L_0x1016d5ee0 .functor NOT 4, L_0x1016d64e0, C4<0000>, C4<0000>, C4<0000>;
v0xc30c58a00_0 .net *"_ivl_0", 3 0, L_0x1016d64e0;  1 drivers
v0xc30c58aa0_0 .net "a", 3 0, v0xc30c58c80_0;  1 drivers
v0xc30c58b40_0 .net "b", 3 0, v0xc30c58d20_0;  1 drivers
v0xc30c58be0_0 .net "y", 3 0, L_0x1016d5ee0;  alias, 1 drivers
S_0x1016cdbb0 .scope module, "xor4" "xor4" 3 40;
 .timescale -9 -12;
    .port_info 0 /INPUT 4 "a";
    .port_info 1 /INPUT 4 "b";
    .port_info 2 /OUTPUT 4 "y";
o0xc314207c0 .functor BUFZ 4, C4<zzzz>; HiZ drive
o0xc314207f0 .functor BUFZ 4, C4<zzzz>; HiZ drive
L_0x1016d5f50 .functor XOR 4, o0xc314207c0, o0xc314207f0, C4<0000>, C4<0000>;
v0xc30c58f00_0 .net "a", 3 0, o0xc314207c0;  0 drivers
v0xc30c58fa0_0 .net "b", 3 0, o0xc314207f0;  0 drivers
v0xc30c59040_0 .net "y", 3 0, L_0x1016d5f50;  1 drivers
    .scope S_0x1016cda30;
T_1 ;
    %pushi/vec4 0, 0, 32;
    %store/vec4 v0xc30c58dc0_0, 0, 32;
    %vpi_call/w 4 28 "$dumpfile", "waves/xnor4.vcd" {0 0 0};
    %vpi_call/w 4 29 "$dumpvars", 32'sb00000000000000000000000000000000, S_0x1016cda30 {0 0 0};
    %pushi/vec4 5, 0, 4;
    %store/vec4 v0xc30c58c80_0, 0, 4;
    %pushi/vec4 10, 0, 4;
    %store/vec4 v0xc30c58d20_0, 0, 4;
    %delay 5000, 0;
    %pushi/vec4 0, 0, 32; draw_string_vec4
    %pushi/vec4 0, 0, 32; draw_string_vec4
    %concat/vec4; draw_string_vec4
    %pushi/vec4 0, 0, 32; draw_string_vec4
    %concat/vec4; draw_string_vec4
    %pushi/vec4 0, 0, 32; draw_string_vec4
    %concat/vec4; draw_string_vec4
    %pushi/vec4 12337, 0, 32; draw_string_vec4
    %concat/vec4; draw_string_vec4
    %pushi/vec4 808525912, 0, 32; draw_string_vec4
    %concat/vec4; draw_string_vec4
    %pushi/vec4 1313821216, 0, 32; draw_string_vec4
    %concat/vec4; draw_string_vec4
    %pushi/vec4 825241904, 0, 32; draw_string_vec4
    %concat/vec4; draw_string_vec4
    %store/vec4 v0xc30c58960_0, 0, 256;
    %load/vec4 v0xc30c58e60_0;
    %store/vec4 v0xc30c588c0_0, 0, 4;
    %pushi/vec4 0, 0, 4;
    %store/vec4 v0xc30c58820_0, 0, 4;
    %fork TD_tb_xnor4.check4, S_0x1016d0cc0;
    %join;
    %pushi/vec4 12, 0, 4;
    %store/vec4 v0xc30c58c80_0, 0, 4;
    %pushi/vec4 9, 0, 4;
    %store/vec4 v0xc30c58d20_0, 0, 4;
    %delay 5000, 0;
    %pushi/vec4 0, 0, 32; draw_string_vec4
    %pushi/vec4 0, 0, 32; draw_string_vec4
    %concat/vec4; draw_string_vec4
    %pushi/vec4 0, 0, 32; draw_string_vec4
    %concat/vec4; draw_string_vec4
    %pushi/vec4 0, 0, 32; draw_string_vec4
    %concat/vec4; draw_string_vec4
    %pushi/vec4 12593, 0, 32; draw_string_vec4
    %concat/vec4; draw_string_vec4
    %pushi/vec4 808460376, 0, 32; draw_string_vec4
    %concat/vec4; draw_string_vec4
    %pushi/vec4 1313821216, 0, 32; draw_string_vec4
    %concat/vec4; draw_string_vec4
    %pushi/vec4 825241649, 0, 32; draw_string_vec4
    %concat/vec4; draw_string_vec4
    %store/vec4 v0xc30c58960_0, 0, 256;
    %load/vec4 v0xc30c58e60_0;
    %store/vec4 v0xc30c588c0_0, 0, 4;
    %pushi/vec4 10, 0, 4;
    %store/vec4 v0xc30c58820_0, 0, 4;
    %fork TD_tb_xnor4.check4, S_0x1016d0cc0;
    %join;
    %pushi/vec4 15, 0, 4;
    %store/vec4 v0xc30c58c80_0, 0, 4;
    %pushi/vec4 15, 0, 4;
    %store/vec4 v0xc30c58d20_0, 0, 4;
    %delay 5000, 0;
    %pushi/vec4 0, 0, 32; draw_string_vec4
    %pushi/vec4 0, 0, 32; draw_string_vec4
    %concat/vec4; draw_string_vec4
    %pushi/vec4 0, 0, 32; draw_string_vec4
    %concat/vec4; draw_string_vec4
    %pushi/vec4 0, 0, 32; draw_string_vec4
    %concat/vec4; draw_string_vec4
    %pushi/vec4 12593, 0, 32; draw_string_vec4
    %concat/vec4; draw_string_vec4
    %pushi/vec4 825303128, 0, 32; draw_string_vec4
    %concat/vec4; draw_string_vec4
    %pushi/vec4 1313821216, 0, 32; draw_string_vec4
    %concat/vec4; draw_string_vec4
    %pushi/vec4 825307441, 0, 32; draw_string_vec4
    %concat/vec4; draw_string_vec4
    %store/vec4 v0xc30c58960_0, 0, 256;
    %load/vec4 v0xc30c58e60_0;
    %store/vec4 v0xc30c588c0_0, 0, 4;
    %pushi/vec4 15, 0, 4;
    %store/vec4 v0xc30c58820_0, 0, 4;
    %fork TD_tb_xnor4.check4, S_0x1016d0cc0;
    %join;
    %pushi/vec4 0, 0, 4;
    %store/vec4 v0xc30c58c80_0, 0, 4;
    %pushi/vec4 15, 0, 4;
    %store/vec4 v0xc30c58d20_0, 0, 4;
    %delay 5000, 0;
    %pushi/vec4 0, 0, 32; draw_string_vec4
    %pushi/vec4 0, 0, 32; draw_string_vec4
    %concat/vec4; draw_string_vec4
    %pushi/vec4 0, 0, 32; draw_string_vec4
    %concat/vec4; draw_string_vec4
    %pushi/vec4 0, 0, 32; draw_string_vec4
    %concat/vec4; draw_string_vec4
    %pushi/vec4 12336, 0, 32; draw_string_vec4
    %concat/vec4; draw_string_vec4
    %pushi/vec4 808460376, 0, 32; draw_string_vec4
    %concat/vec4; draw_string_vec4
    %pushi/vec4 1313821216, 0, 32; draw_string_vec4
    %concat/vec4; draw_string_vec4
    %pushi/vec4 825307441, 0, 32; draw_string_vec4
    %concat/vec4; draw_string_vec4
    %store/vec4 v0xc30c58960_0, 0, 256;
    %load/vec4 v0xc30c58e60_0;
    %store/vec4 v0xc30c588c0_0, 0, 4;
    %pushi/vec4 0, 0, 4;
    %store/vec4 v0xc30c58820_0, 0, 4;
    %fork TD_tb_xnor4.check4, S_0x1016d0cc0;
    %join;
    %load/vec4 v0xc30c58dc0_0;
    %cmpi/e 0, 0, 32;
    %jmp/0xz  T_1.0, 4;
    %vpi_call/w 4 36 "$display", "XNOR4: ALL TESTS PASSED \342\234\205" {0 0 0};
    %jmp T_1.1;
T_1.0 ;
    %vpi_call/w 4 37 "$display", "XNOR4: FAILED \342\235\214 errors=%0d", v0xc30c58dc0_0 {0 0 0};
T_1.1 ;
    %delay 5000, 0;
    %vpi_call/w 4 39 "$finish" {0 0 0};
    %end;
    .thread T_1;
# The file index is used to find the file name in the following table.
:file_names 5;
    "N/A";
    "<interactive>";
    "-";
    "verilog/gates_step2.v";
    "tests/tb_xnor4.v";
